Archive member included to satisfy reference by file (symbol)

/Users/simonxu/.particle/toolchains/gcc-arm/9.2.1/bin/../lib/gcc/arm-none-eabi/9.2.1/../../../../arm-none-eabi/lib/thumb/v7e-m+fp/hard/libc_nano.a(lib_a-exit.o)
                              /Users/simonxu/.particle/toolchains/gcc-arm/9.2.1/bin/../lib/gcc/arm-none-eabi/9.2.1/../../../../arm-none-eabi/lib/thumb/v7e-m+fp/hard/crt0.o (exit)
/Users/simonxu/.particle/toolchains/gcc-arm/9.2.1/bin/../lib/gcc/arm-none-eabi/9.2.1/../../../../arm-none-eabi/lib/thumb/v7e-m+fp/hard/libc_nano.a(lib_a-impure.o)
                              /Users/simonxu/.particle/toolchains/gcc-arm/9.2.1/bin/../lib/gcc/arm-none-eabi/9.2.1/../../../../arm-none-eabi/lib/thumb/v7e-m+fp/hard/libc_nano.a(lib_a-exit.o) (_global_impure_ptr)
/Users/simonxu/.particle/toolchains/gcc-arm/9.2.1/bin/../lib/gcc/arm-none-eabi/9.2.1/../../../../arm-none-eabi/lib/thumb/v7e-m+fp/hard/libc_nano.a(lib_a-init.o)
                              /Users/simonxu/.particle/toolchains/gcc-arm/9.2.1/bin/../lib/gcc/arm-none-eabi/9.2.1/../../../../arm-none-eabi/lib/thumb/v7e-m+fp/hard/crt0.o (__libc_init_array)
/Users/simonxu/.particle/toolchains/gcc-arm/9.2.1/bin/../lib/gcc/arm-none-eabi/9.2.1/../../../../arm-none-eabi/lib/thumb/v7e-m+fp/hard/libc_nano.a(lib_a-memset.o)
                              /Users/simonxu/.particle/toolchains/gcc-arm/9.2.1/bin/../lib/gcc/arm-none-eabi/9.2.1/../../../../arm-none-eabi/lib/thumb/v7e-m+fp/hard/crt0.o (memset)
/Users/simonxu/.particle/toolchains/gcc-arm/9.2.1/bin/../lib/gcc/arm-none-eabi/9.2.1/../../../../arm-none-eabi/lib/thumb/v7e-m+fp/hard/libnosys.a(_exit.o)
                              /Users/simonxu/.particle/toolchains/gcc-arm/9.2.1/bin/../lib/gcc/arm-none-eabi/9.2.1/../../../../arm-none-eabi/lib/thumb/v7e-m+fp/hard/libc_nano.a(lib_a-exit.o) (_exit)
/Users/simonxu/.particle/toolchains/gcc-arm/9.2.1/bin/../lib/gcc/arm-none-eabi/9.2.1/thumb/v7e-m+fp/hard/libgcc.a(_aeabi_uldivmod.o)
                              build/stm32l4xx_hal_uart.o (__aeabi_uldivmod)
/Users/simonxu/.particle/toolchains/gcc-arm/9.2.1/bin/../lib/gcc/arm-none-eabi/9.2.1/thumb/v7e-m+fp/hard/libgcc.a(_udivmoddi4.o)
                              /Users/simonxu/.particle/toolchains/gcc-arm/9.2.1/bin/../lib/gcc/arm-none-eabi/9.2.1/thumb/v7e-m+fp/hard/libgcc.a(_aeabi_uldivmod.o) (__udivmoddi4)
/Users/simonxu/.particle/toolchains/gcc-arm/9.2.1/bin/../lib/gcc/arm-none-eabi/9.2.1/thumb/v7e-m+fp/hard/libgcc.a(_dvmd_tls.o)
                              /Users/simonxu/.particle/toolchains/gcc-arm/9.2.1/bin/../lib/gcc/arm-none-eabi/9.2.1/thumb/v7e-m+fp/hard/libgcc.a(_aeabi_uldivmod.o) (__aeabi_ldiv0)

Allocating common symbols
Common symbol       size              file

hdfsdm1_channel1    0x38              build/main.o
huart3              0x80              build/main.o
hpcd_USB_OTG_FS     0x408             build/main.o
hi2c2               0x4c              build/main.o
uwTick              0x4               build/stm32l4xx_hal.o
hspi3               0x64              build/main.o
huart1              0x80              build/main.o
hqspi               0x44              build/main.o

Discarded input sections

 .text          0x0000000000000000        0x0 /Users/simonxu/.particle/toolchains/gcc-arm/9.2.1/bin/../lib/gcc/arm-none-eabi/9.2.1/thumb/v7e-m+fp/hard/crti.o
 .data          0x0000000000000000        0x0 /Users/simonxu/.particle/toolchains/gcc-arm/9.2.1/bin/../lib/gcc/arm-none-eabi/9.2.1/thumb/v7e-m+fp/hard/crti.o
 .bss           0x0000000000000000        0x0 /Users/simonxu/.particle/toolchains/gcc-arm/9.2.1/bin/../lib/gcc/arm-none-eabi/9.2.1/thumb/v7e-m+fp/hard/crti.o
 .data          0x0000000000000000        0x4 /Users/simonxu/.particle/toolchains/gcc-arm/9.2.1/bin/../lib/gcc/arm-none-eabi/9.2.1/thumb/v7e-m+fp/hard/crtbegin.o
 .text          0x0000000000000000       0x74 /Users/simonxu/.particle/toolchains/gcc-arm/9.2.1/bin/../lib/gcc/arm-none-eabi/9.2.1/../../../../arm-none-eabi/lib/thumb/v7e-m+fp/hard/crt0.o
 .data          0x0000000000000000        0x0 /Users/simonxu/.particle/toolchains/gcc-arm/9.2.1/bin/../lib/gcc/arm-none-eabi/9.2.1/../../../../arm-none-eabi/lib/thumb/v7e-m+fp/hard/crt0.o
 .bss           0x0000000000000000        0x0 /Users/simonxu/.particle/toolchains/gcc-arm/9.2.1/bin/../lib/gcc/arm-none-eabi/9.2.1/../../../../arm-none-eabi/lib/thumb/v7e-m+fp/hard/crt0.o
 .ARM.extab     0x0000000000000000        0x0 /Users/simonxu/.particle/toolchains/gcc-arm/9.2.1/bin/../lib/gcc/arm-none-eabi/9.2.1/../../../../arm-none-eabi/lib/thumb/v7e-m+fp/hard/crt0.o
 .ARM.exidx     0x0000000000000000        0x8 /Users/simonxu/.particle/toolchains/gcc-arm/9.2.1/bin/../lib/gcc/arm-none-eabi/9.2.1/../../../../arm-none-eabi/lib/thumb/v7e-m+fp/hard/crt0.o
 .ARM.attributes
                0x0000000000000000       0x1c /Users/simonxu/.particle/toolchains/gcc-arm/9.2.1/bin/../lib/gcc/arm-none-eabi/9.2.1/../../../../arm-none-eabi/lib/thumb/v7e-m+fp/hard/crt0.o
[...]
Memory Configuration

Name             Origin             Length             Attributes
RAM              0x0000000020000000 0x0000000000018000 xrw
RAM2             0x0000000010000000 0x0000000000008000 xrw
FLASH            0x0000000008000000 0x0000000000100000 xr
*default*        0x0000000000000000 0xffffffffffffffff

Linker script and memory map

LOAD /Users/simonxu/.particle/toolchains/gcc-arm/9.2.1/bin/../lib/gcc/arm-none-eabi/9.2.1/thumb/v7e-m+fp/hard/crti.o
LOAD /Users/simonxu/.particle/toolchains/gcc-arm/9.2.1/bin/../lib/gcc/arm-none-eabi/9.2.1/thumb/v7e-m+fp/hard/crtbegin.o
LOAD /Users/simonxu/.particle/toolchains/gcc-arm/9.2.1/bin/../lib/gcc/arm-none-eabi/9.2.1/../../../../arm-none-eabi/lib/thumb/v7e-m+fp/hard/crt0.o
LOAD build/main.o
LOAD build/stm32l4xx_it.o
LOAD build/stm32l4xx_hal_msp.o
LOAD build/stm32l4xx_hal_dfsdm.o
LOAD build/stm32l4xx_hal.o
LOAD build/stm32l4xx_hal_i2c.o
LOAD build/stm32l4xx_hal_i2c_ex.o
LOAD build/stm32l4xx_hal_rcc.o
LOAD build/stm32l4xx_hal_rcc_ex.o
LOAD build/stm32l4xx_hal_flash.o
LOAD build/stm32l4xx_hal_flash_ex.o
LOAD build/stm32l4xx_hal_flash_ramfunc.o
LOAD build/stm32l4xx_hal_gpio.o
LOAD build/stm32l4xx_hal_dma.o
LOAD build/stm32l4xx_hal_dma_ex.o
LOAD build/stm32l4xx_hal_pwr.o
LOAD build/stm32l4xx_hal_pwr_ex.o
LOAD build/stm32l4xx_hal_cortex.o
LOAD build/stm32l4xx_hal_exti.o
LOAD build/stm32l4xx_hal_qspi.o
LOAD build/stm32l4xx_hal_spi.o
LOAD build/stm32l4xx_hal_spi_ex.o
LOAD build/stm32l4xx_hal_tim.o
LOAD build/stm32l4xx_hal_tim_ex.o
LOAD build/stm32l4xx_hal_uart.o
LOAD build/stm32l4xx_hal_uart_ex.o
LOAD build/stm32l4xx_hal_pcd.o
LOAD build/stm32l4xx_hal_pcd_ex.o
LOAD build/stm32l4xx_ll_usb.o
LOAD build/system_stm32l4xx.o
LOAD build/startup_stm32l475xx.o
LOAD /Users/simonxu/.particle/toolchains/gcc-arm/9.2.1/bin/../lib/gcc/arm-none-eabi/9.2.1/../../../../arm-none-eabi/lib/thumb/v7e-m+fp/hard/libc_nano.a
LOAD /Users/simonxu/.particle/toolchains/gcc-arm/9.2.1/bin/../lib/gcc/arm-none-eabi/9.2.1/../../../../arm-none-eabi/lib/thumb/v7e-m+fp/hard/libm.a
LOAD /Users/simonxu/.particle/toolchains/gcc-arm/9.2.1/bin/../lib/gcc/arm-none-eabi/9.2.1/../../../../arm-none-eabi/lib/thumb/v7e-m+fp/hard/libnosys.a
START GROUP
LOAD /Users/simonxu/.particle/toolchains/gcc-arm/9.2.1/bin/../lib/gcc/arm-none-eabi/9.2.1/thumb/v7e-m+fp/hard/libgcc.a
LOAD /Users/simonxu/.particle/toolchains/gcc-arm/9.2.1/bin/../lib/gcc/arm-none-eabi/9.2.1/../../../../arm-none-eabi/lib/thumb/v7e-m+fp/hard/libc_nano.a
END GROUP
START GROUP
LOAD /Users/simonxu/.particle/toolchains/gcc-arm/9.2.1/bin/../lib/gcc/arm-none-eabi/9.2.1/thumb/v7e-m+fp/hard/libgcc.a
LOAD /Users/simonxu/.particle/toolchains/gcc-arm/9.2.1/bin/../lib/gcc/arm-none-eabi/9.2.1/../../../../arm-none-eabi/lib/thumb/v7e-m+fp/hard/libc_nano.a
END GROUP
LOAD /Users/simonxu/.particle/toolchains/gcc-arm/9.2.1/bin/../lib/gcc/arm-none-eabi/9.2.1/thumb/v7e-m+fp/hard/crtend.o
LOAD /Users/simonxu/.particle/toolchains/gcc-arm/9.2.1/bin/../lib/gcc/arm-none-eabi/9.2.1/thumb/v7e-m+fp/hard/crtn.o
                0x0000000020018000                _estack = 0x20018000
                0x0000000000000200                _Min_Heap_Size = 0x200
                0x0000000000000400                _Min_Stack_Size = 0x400

.isr_vector     0x0000000008000000      0x188
                0x0000000008000000                . = ALIGN (0x8)
 *(.isr_vector)
 .isr_vector    0x0000000008000000      0x188 build/startup_stm32l475xx.o
                0x0000000008000000                g_pfnVectors
                0x0000000008000188                . = ALIGN (0x8)

.text           0x0000000008000188     0x30e0
                0x0000000008000188                . = ALIGN (0x8)
 *(.text)
 .text          0x0000000008000188       0x40 /Users/simonxu/.particle/toolchains/gcc-arm/9.2.1/bin/../lib/gcc/arm-none-eabi/9.2.1/thumb/v7e-m+fp/hard/crtbegin.o
 .text          0x00000000080001c8       0x30 /Users/simonxu/.particle/toolchains/gcc-arm/9.2.1/bin/../lib/gcc/arm-none-eabi/9.2.1/thumb/v7e-m+fp/hard/libgcc.a(_aeabi_uldivmod.o)
                0x00000000080001c8                __aeabi_uldivmod
 .text          0x00000000080001f8      0x2c4 /Users/simonxu/.particle/toolchains/gcc-arm/9.2.1/bin/../lib/gcc/arm-none-eabi/9.2.1/thumb/v7e-m+fp/hard/libgcc.a(_udivmoddi4.o)
                0x00000000080001f8                __udivmoddi4
 .text          0x00000000080004bc        0x4 /Users/simonxu/.particle/toolchains/gcc-arm/9.2.1/bin/../lib/gcc/arm-none-eabi/9.2.1/thumb/v7e-m+fp/hard/libgcc.a(_dvmd_tls.o)
                0x00000000080004bc                __aeabi_ldiv0
                0x00000000080004bc                __aeabi_idiv0
 *(.text*)
 .text.MX_GPIO_Init
                0x00000000080004c0      0x2cc build/main.o
 .text.MX_DFSDM1_Init
                0x000000000800078c       0x3c build/main.o
 .text.MX_I2C2_Init
                0x00000000080007c8       0x44 build/main.o
 .text.MX_QUADSPI_Init
                0x000000000800080c       0x28 build/main.o
 .text.MX_SPI3_Init
                0x0000000008000834       0x44 build/main.o
 .text.MX_USART1_UART_Init
                0x0000000008000878       0x30 build/main.o
 .text.MX_USART3_UART_Init
                0x00000000080008a8       0x30 build/main.o
 .text.MX_USB_OTG_FS_PCD_Init
                0x00000000080008d8       0x2c build/main.o
 .text.SystemClock_Config
                0x0000000008000904       0xbc build/main.o
                0x0000000008000904                SystemClock_Config
 .text.main     0x00000000080009c0       0x44 build/main.o
                0x00000000080009c0                main
 .text.NMI_Handler
                0x0000000008000a04        0x2 build/stm32l4xx_it.o
                0x0000000008000a04                NMI_Handler
 .text.HardFault_Handler
                0x0000000008000a06        0x2 build/stm32l4xx_it.o
                0x0000000008000a06                HardFault_Handler
 .text.MemManage_Handler
                0x0000000008000a08        0x2 build/stm32l4xx_it.o
                0x0000000008000a08                MemManage_Handler
 .text.BusFault_Handler
                0x0000000008000a0a        0x2 build/stm32l4xx_it.o
                0x0000000008000a0a                BusFault_Handler
 .text.UsageFault_Handler
                0x0000000008000a0c        0x2 build/stm32l4xx_it.o
                0x0000000008000a0c                UsageFault_Handler
 .text.SVC_Handler
                0x0000000008000a0e        0x2 build/stm32l4xx_it.o
                0x0000000008000a0e                SVC_Handler
 .text.DebugMon_Handler
                0x0000000008000a10        0x2 build/stm32l4xx_it.o
                0x0000000008000a10                DebugMon_Handler
 .text.PendSV_Handler
                0x0000000008000a12        0x2 build/stm32l4xx_it.o
                0x0000000008000a12                PendSV_Handler
 .text.SysTick_Handler
                0x0000000008000a14        0x8 build/stm32l4xx_it.o
                0x0000000008000a14                SysTick_Handler
 .text.EXTI9_5_IRQHandler
                0x0000000008000a1c       0x1e build/stm32l4xx_it.o
                0x0000000008000a1c                EXTI9_5_IRQHandler
 .text.EXTI15_10_IRQHandler
                0x0000000008000a3a       0x2c build/stm32l4xx_it.o
                0x0000000008000a3a                EXTI15_10_IRQHandler
 *fill*         0x0000000008000a66        0x2 
 .text.HAL_MspInit
                0x0000000008000a68       0x30 build/stm32l4xx_hal_msp.o
                0x0000000008000a68                HAL_MspInit
 .text.HAL_DFSDM_ChannelMspInit
                0x0000000008000a98       0x70 build/stm32l4xx_hal_msp.o
                0x0000000008000a98                HAL_DFSDM_ChannelMspInit
 .text.HAL_I2C_MspInit
                0x0000000008000b08       0x70 build/stm32l4xx_hal_msp.o
                0x0000000008000b08                HAL_I2C_MspInit
 .text.HAL_QSPI_MspInit
                0x0000000008000b78       0x74 build/stm32l4xx_hal_msp.o
                0x0000000008000b78                HAL_QSPI_MspInit
 .text.HAL_SPI_MspInit
                0x0000000008000bec       0x70 build/stm32l4xx_hal_msp.o
                0x0000000008000bec                HAL_SPI_MspInit
 .text.HAL_UART_MspInit
                0x0000000008000c5c       0xc4 build/stm32l4xx_hal_msp.o
                0x0000000008000c5c                HAL_UART_MspInit
 .text.HAL_PCD_MspInit
                0x0000000008000d20       0xa8 build/stm32l4xx_hal_msp.o
                0x0000000008000d20                HAL_PCD_MspInit
 .text.DFSDM_GetChannelFromInstance
                0x0000000008000dc8       0x50 build/stm32l4xx_hal_dfsdm.o
 .text.HAL_DFSDM_ChannelInit
                0x0000000008000e18      0x108 build/stm32l4xx_hal_dfsdm.o
                0x0000000008000e18                HAL_DFSDM_ChannelInit
 .text.HAL_InitTick
                0x0000000008000f20       0x50 build/stm32l4xx_hal.o
                0x0000000008000f20                HAL_InitTick
 .text.HAL_Init
                0x0000000008000f70       0x1e build/stm32l4xx_hal.o
                0x0000000008000f70                HAL_Init
 *fill*         0x0000000008000f8e        0x2 
 .text.HAL_IncTick
                0x0000000008000f90       0x18 build/stm32l4xx_hal.o
                0x0000000008000f90                HAL_IncTick
 .text.HAL_GetTick
                0x0000000008000fa8        0xc build/stm32l4xx_hal.o
                0x0000000008000fa8                HAL_GetTick
 .text.HAL_Delay
                0x0000000008000fb4       0x28 build/stm32l4xx_hal.o
                0x0000000008000fb4                HAL_Delay
 .text.HAL_I2C_Init
                0x0000000008000fdc       0xbc build/stm32l4xx_hal_i2c.o
                0x0000000008000fdc                HAL_I2C_Init
 .text.HAL_I2CEx_ConfigAnalogFilter
                0x0000000008001098       0x5c build/stm32l4xx_hal_i2c_ex.o
                0x0000000008001098                HAL_I2CEx_ConfigAnalogFilter
 .text.HAL_I2CEx_ConfigDigitalFilter
                0x00000000080010f4       0x58 build/stm32l4xx_hal_i2c_ex.o
                0x00000000080010f4                HAL_I2CEx_ConfigDigitalFilter
 .text.RCC_SetFlashLatencyFromMSIRange
                0x000000000800114c       0x90 build/stm32l4xx_hal_rcc.o
 .text.HAL_RCC_GetSysClockFreq
                0x00000000080011dc       0xb4 build/stm32l4xx_hal_rcc.o
                0x00000000080011dc                HAL_RCC_GetSysClockFreq
 .text.HAL_RCC_OscConfig
                0x0000000008001290      0x630 build/stm32l4xx_hal_rcc.o
                0x0000000008001290                HAL_RCC_OscConfig
 .text.HAL_RCC_ClockConfig
                0x00000000080018c0      0x15c build/stm32l4xx_hal_rcc.o
                0x00000000080018c0                HAL_RCC_ClockConfig
 .text.HAL_RCC_GetHCLKFreq
                0x0000000008001a1c        0xc build/stm32l4xx_hal_rcc.o
                0x0000000008001a1c                HAL_RCC_GetHCLKFreq
 .text.HAL_RCC_GetPCLK1Freq
                0x0000000008001a28       0x24 build/stm32l4xx_hal_rcc.o
                0x0000000008001a28                HAL_RCC_GetPCLK1Freq
 .text.HAL_RCC_GetPCLK2Freq
                0x0000000008001a4c       0x24 build/stm32l4xx_hal_rcc.o
                0x0000000008001a4c                HAL_RCC_GetPCLK2Freq
 .text.RCCEx_PLLSAI1_Config
                0x0000000008001a70      0x170 build/stm32l4xx_hal_rcc_ex.o
 .text.RCCEx_PLLSAI2_Config
                0x0000000008001be0      0x14c build/stm32l4xx_hal_rcc_ex.o
 .text.HAL_RCCEx_PeriphCLKConfig
                0x0000000008001d2c      0x45c build/stm32l4xx_hal_rcc_ex.o
                0x0000000008001d2c                HAL_RCCEx_PeriphCLKConfig
 .text.HAL_RCCEx_EnableMSIPLLMode
                0x0000000008002188       0x10 build/stm32l4xx_hal_rcc_ex.o
                0x0000000008002188                HAL_RCCEx_EnableMSIPLLMode
 .text.HAL_GPIO_Init
                0x0000000008002198      0x1cc build/stm32l4xx_hal_gpio.o
                0x0000000008002198                HAL_GPIO_Init
 .text.HAL_GPIO_WritePin
                0x0000000008002364        0xa build/stm32l4xx_hal_gpio.o
                0x0000000008002364                HAL_GPIO_WritePin
 .text.HAL_GPIO_TogglePin
                0x000000000800236e        0xe build/stm32l4xx_hal_gpio.o
                0x000000000800236e                HAL_GPIO_TogglePin
 .text.HAL_GPIO_EXTI_Callback
                0x000000000800237c        0x2 build/stm32l4xx_hal_gpio.o
                0x000000000800237c                HAL_GPIO_EXTI_Callback
 *fill*         0x000000000800237e        0x2 
 .text.HAL_GPIO_EXTI_IRQHandler
                0x0000000008002380       0x1c build/stm32l4xx_hal_gpio.o
                0x0000000008002380                HAL_GPIO_EXTI_IRQHandler
 .text.HAL_PWR_EnableBkUpAccess
                0x000000000800239c       0x10 build/stm32l4xx_hal_pwr.o
                0x000000000800239c                HAL_PWR_EnableBkUpAccess
 .text.HAL_PWREx_GetVoltageRange
                0x00000000080023ac       0x10 build/stm32l4xx_hal_pwr_ex.o
                0x00000000080023ac                HAL_PWREx_GetVoltageRange
 .text.HAL_PWREx_ControlVoltageScaling
                0x00000000080023bc       0x90 build/stm32l4xx_hal_pwr_ex.o
                0x00000000080023bc                HAL_PWREx_ControlVoltageScaling
 .text.HAL_PWREx_EnableVddUSB
                0x000000000800244c       0x10 build/stm32l4xx_hal_pwr_ex.o
                0x000000000800244c                HAL_PWREx_EnableVddUSB
 .text.HAL_NVIC_SetPriorityGrouping
                0x000000000800245c       0x24 build/stm32l4xx_hal_cortex.o
                0x000000000800245c                HAL_NVIC_SetPriorityGrouping
 .text.HAL_NVIC_SetPriority
                0x0000000008002480       0x68 build/stm32l4xx_hal_cortex.o
                0x0000000008002480                HAL_NVIC_SetPriority
 .text.HAL_NVIC_EnableIRQ
                0x00000000080024e8       0x1c build/stm32l4xx_hal_cortex.o
                0x00000000080024e8                HAL_NVIC_EnableIRQ
 .text.HAL_SYSTICK_Config
                0x0000000008002504       0x2c build/stm32l4xx_hal_cortex.o
                0x0000000008002504                HAL_SYSTICK_Config
 .text.QSPI_WaitFlagStateUntilTimeout
                0x0000000008002530       0x50 build/stm32l4xx_hal_qspi.o
 .text.HAL_QSPI_SetTimeout
                0x0000000008002580        0x4 build/stm32l4xx_hal_qspi.o
                0x0000000008002580                HAL_QSPI_SetTimeout
 .text.HAL_QSPI_Init
                0x0000000008002584       0xbc build/stm32l4xx_hal_qspi.o
                0x0000000008002584                HAL_QSPI_Init
 .text.HAL_SPI_Init
                0x0000000008002640       0xb0 build/stm32l4xx_hal_spi.o
                0x0000000008002640                HAL_SPI_Init
 .text.UART_SetConfig
                0x00000000080026f0      0x40c build/stm32l4xx_hal_uart.o
                0x00000000080026f0                UART_SetConfig
 .text.UART_AdvFeatureConfig
                0x0000000008002afc       0xca build/stm32l4xx_hal_uart.o
                0x0000000008002afc                UART_AdvFeatureConfig
 .text.UART_WaitOnFlagUntilTimeout
                0x0000000008002bc6       0xa2 build/stm32l4xx_hal_uart.o
                0x0000000008002bc6                UART_WaitOnFlagUntilTimeout
 .text.UART_CheckIdleState
                0x0000000008002c68       0x6c build/stm32l4xx_hal_uart.o
                0x0000000008002c68                UART_CheckIdleState
 .text.HAL_UART_Init
                0x0000000008002cd4       0x62 build/stm32l4xx_hal_uart.o
                0x0000000008002cd4                HAL_UART_Init
 .text.HAL_PCD_Init
                0x0000000008002d36      0x134 build/stm32l4xx_hal_pcd.o
                0x0000000008002d36                HAL_PCD_Init
 .text.HAL_PCDEx_ActivateLPM
                0x0000000008002e6a       0x26 build/stm32l4xx_hal_pcd_ex.o
                0x0000000008002e6a                HAL_PCDEx_ActivateLPM
 .text.USB_CoreReset
                0x0000000008002e90       0x3c build/stm32l4xx_ll_usb.o
 .text.USB_CoreInit
                0x0000000008002ecc       0x72 build/stm32l4xx_ll_usb.o
                0x0000000008002ecc                USB_CoreInit
 .text.USB_DisableGlobalInt
                0x0000000008002f3e        0xc build/stm32l4xx_ll_usb.o
                0x0000000008002f3e                USB_DisableGlobalInt
 .text.USB_SetCurrentMode
                0x0000000008002f4a       0x30 build/stm32l4xx_ll_usb.o
                0x0000000008002f4a                USB_SetCurrentMode
 *fill*         0x0000000008002f7a        0x2 
 .text.USB_FlushTxFifo
                0x0000000008002f7c       0x28 build/stm32l4xx_ll_usb.o
                0x0000000008002f7c                USB_FlushTxFifo
 .text.USB_FlushRxFifo
                0x0000000008002fa4       0x24 build/stm32l4xx_ll_usb.o
                0x0000000008002fa4                USB_FlushRxFifo
 .text.USB_SetDevSpeed
                0x0000000008002fc8        0xe build/stm32l4xx_ll_usb.o
                0x0000000008002fc8                USB_SetDevSpeed
 *fill*         0x0000000008002fd6        0x2 
 .text.USB_DevInit
                0x0000000008002fd8      0x16c build/stm32l4xx_ll_usb.o
                0x0000000008002fd8                USB_DevInit
 .text.USB_DevDisconnect
                0x0000000008003144       0x18 build/stm32l4xx_ll_usb.o
                0x0000000008003144                USB_DevDisconnect
 .text.SystemInit
                0x000000000800315c       0x48 build/system_stm32l4xx.o
                0x000000000800315c                SystemInit
 .text.Reset_Handler
                0x00000000080031a4       0x50 build/startup_stm32l475xx.o
                0x00000000080031a4                Reset_Handler
 .text.Default_Handler
                0x00000000080031f4        0x2 build/startup_stm32l475xx.o
                0x00000000080031f4                TIM1_BRK_TIM15_IRQHandler
                0x00000000080031f4                EXTI2_IRQHandler
                0x00000000080031f4                TIM8_TRG_COM_IRQHandler
                0x00000000080031f4                TIM8_CC_IRQHandler
                0x00000000080031f4                TIM1_CC_IRQHandler
                0x00000000080031f4                TSC_IRQHandler
                0x00000000080031f4                TAMP_STAMP_IRQHandler
                0x00000000080031f4                EXTI3_IRQHandler
                0x00000000080031f4                LPTIM2_IRQHandler
                0x00000000080031f4                DFSDM1_FLT1_IRQHandler
                0x00000000080031f4                I2C3_ER_IRQHandler
                0x00000000080031f4                DFSDM1_FLT2_IRQHandler
                0x00000000080031f4                EXTI0_IRQHandler
                0x00000000080031f4                I2C2_EV_IRQHandler
                0x00000000080031f4                CAN1_RX0_IRQHandler
                0x00000000080031f4                FPU_IRQHandler
                0x00000000080031f4                TIM1_UP_TIM16_IRQHandler
                0x00000000080031f4                ADC1_2_IRQHandler
                0x00000000080031f4                SPI1_IRQHandler
                0x00000000080031f4                TIM6_DAC_IRQHandler
                0x00000000080031f4                TIM8_UP_IRQHandler
                0x00000000080031f4                DMA2_Channel2_IRQHandler
                0x00000000080031f4                DMA1_Channel4_IRQHandler
                0x00000000080031f4                SAI2_IRQHandler
                0x00000000080031f4                DFSDM1_FLT3_IRQHandler
                0x00000000080031f4                USART3_IRQHandler
                0x00000000080031f4                DMA1_Channel7_IRQHandler
                0x00000000080031f4                CAN1_RX1_IRQHandler
                0x00000000080031f4                UART5_IRQHandler
                0x00000000080031f4                ADC3_IRQHandler
                0x00000000080031f4                TIM4_IRQHandler
                0x00000000080031f4                DMA2_Channel1_IRQHandler
                0x00000000080031f4                QUADSPI_IRQHandler
                0x00000000080031f4                I2C1_EV_IRQHandler
                0x00000000080031f4                DMA1_Channel6_IRQHandler
                0x00000000080031f4                UART4_IRQHandler
                0x00000000080031f4                DMA2_Channel4_IRQHandler
                0x00000000080031f4                TIM3_IRQHandler
                0x00000000080031f4                RCC_IRQHandler
                0x00000000080031f4                DMA1_Channel1_IRQHandler
                0x00000000080031f4                Default_Handler
                0x00000000080031f4                DMA2_Channel7_IRQHandler
                0x00000000080031f4                TIM7_IRQHandler
                0x00000000080031f4                SDMMC1_IRQHandler
                0x00000000080031f4                TIM5_IRQHandler
                0x00000000080031f4                I2C3_EV_IRQHandler
                0x00000000080031f4                RTC_WKUP_IRQHandler
                0x00000000080031f4                PVD_PVM_IRQHandler
                0x00000000080031f4                SPI2_IRQHandler
                0x00000000080031f4                CAN1_TX_IRQHandler
                0x00000000080031f4                DMA2_Channel5_IRQHandler
                0x00000000080031f4                DMA1_Channel5_IRQHandler
                0x00000000080031f4                EXTI4_IRQHandler
                0x00000000080031f4                RNG_IRQHandler
                0x00000000080031f4                TIM1_TRG_COM_TIM17_IRQHandler
                0x00000000080031f4                DMA1_Channel3_IRQHandler
                0x00000000080031f4                COMP_IRQHandler
                0x00000000080031f4                WWDG_IRQHandler
                0x00000000080031f4                LPUART1_IRQHandler
                0x00000000080031f4                DMA2_Channel6_IRQHandler
                0x00000000080031f4                TIM2_IRQHandler
                0x00000000080031f4                EXTI1_IRQHandler
                0x00000000080031f4                USART2_IRQHandler
                0x00000000080031f4                DFSDM1_FLT0_IRQHandler
                0x00000000080031f4                I2C2_ER_IRQHandler
                0x00000000080031f4                DMA1_Channel2_IRQHandler
                0x00000000080031f4                TIM8_BRK_IRQHandler
                0x00000000080031f4                CAN1_SCE_IRQHandler
                0x00000000080031f4                FLASH_IRQHandler
                0x00000000080031f4                USART1_IRQHandler
                0x00000000080031f4                OTG_FS_IRQHandler
                0x00000000080031f4                SPI3_IRQHandler
                0x00000000080031f4                I2C1_ER_IRQHandler
                0x00000000080031f4                FMC_IRQHandler
                0x00000000080031f4                SWPMI1_IRQHandler
                0x00000000080031f4                LPTIM1_IRQHandler
                0x00000000080031f4                SAI1_IRQHandler
                0x00000000080031f4                DMA2_Channel3_IRQHandler
                0x00000000080031f4                RTC_Alarm_IRQHandler
 *fill*         0x00000000080031f6        0x2 
 .text.__libc_init_array
                0x00000000080031f8       0x48 /Users/simonxu/.particle/toolchains/gcc-arm/9.2.1/bin/../lib/gcc/arm-none-eabi/9.2.1/../../../../arm-none-eabi/lib/thumb/v7e-m+fp/hard/libc_nano.a(lib_a-init.o)
                0x00000000080031f8                __libc_init_array
 .text.memset   0x0000000008003240       0x10 /Users/simonxu/.particle/toolchains/gcc-arm/9.2.1/bin/../lib/gcc/arm-none-eabi/9.2.1/../../../../arm-none-eabi/lib/thumb/v7e-m+fp/hard/libc_nano.a(lib_a-memset.o)
                0x0000000008003240                memset
 *(.glue_7)
 .glue_7        0x0000000008003250        0x0 linker stubs
 *(.glue_7t)
 .glue_7t       0x0000000008003250        0x0 linker stubs
 *(.eh_frame)
 .eh_frame      0x0000000008003250        0x0 /Users/simonxu/.particle/toolchains/gcc-arm/9.2.1/bin/../lib/gcc/arm-none-eabi/9.2.1/thumb/v7e-m+fp/hard/crtbegin.o
 *(.init)
 .init          0x0000000008003250        0x4 /Users/simonxu/.particle/toolchains/gcc-arm/9.2.1/bin/../lib/gcc/arm-none-eabi/9.2.1/thumb/v7e-m+fp/hard/crti.o
                0x0000000008003250                _init
 .init          0x0000000008003254        0x8 /Users/simonxu/.particle/toolchains/gcc-arm/9.2.1/bin/../lib/gcc/arm-none-eabi/9.2.1/thumb/v7e-m+fp/hard/crtn.o
 *(.fini)
 .fini          0x000000000800325c        0x4 /Users/simonxu/.particle/toolchains/gcc-arm/9.2.1/bin/../lib/gcc/arm-none-eabi/9.2.1/thumb/v7e-m+fp/hard/crti.o
                0x000000000800325c                _fini
 .fini          0x0000000008003260        0x8 /Users/simonxu/.particle/toolchains/gcc-arm/9.2.1/bin/../lib/gcc/arm-none-eabi/9.2.1/thumb/v7e-m+fp/hard/crtn.o
                0x0000000008003268                . = ALIGN (0x8)
                0x0000000008003268                _etext = .

.vfp11_veneer   0x0000000008003268        0x0
 .vfp11_veneer  0x0000000008003268        0x0 linker stubs

.v4_bx          0x0000000008003268        0x0
 .v4_bx         0x0000000008003268        0x0 linker stubs

.iplt           0x0000000008003268        0x0
 .iplt          0x0000000008003268        0x0 /Users/simonxu/.particle/toolchains/gcc-arm/9.2.1/bin/../lib/gcc/arm-none-eabi/9.2.1/thumb/v7e-m+fp/hard/crtbegin.o

.rodata         0x0000000008003268       0x48
                0x0000000008003268                . = ALIGN (0x8)
 *(.rodata)
 *(.rodata*)
 .rodata.AHBPrescTable
                0x0000000008003268       0x10 build/system_stm32l4xx.o
                0x0000000008003268                AHBPrescTable
 .rodata.APBPrescTable
                0x0000000008003278        0x8 build/system_stm32l4xx.o
                0x0000000008003278                APBPrescTable
 .rodata.MSIRangeTable
                0x0000000008003280       0x30 build/system_stm32l4xx.o
                0x0000000008003280                MSIRangeTable
                0x00000000080032b0                . = ALIGN (0x8)

.ARM.extab      0x00000000080032b0        0x0
                0x00000000080032b0                . = ALIGN (0x8)
 *(.ARM.extab* .gnu.linkonce.armextab.*)
                0x00000000080032b0                . = ALIGN (0x8)

.ARM            0x00000000080032b0        0x8
                0x00000000080032b0                . = ALIGN (0x8)
                0x00000000080032b0                __exidx_start = .
 *(.ARM.exidx*)
 .ARM.exidx     0x00000000080032b0        0x8 /Users/simonxu/.particle/toolchains/gcc-arm/9.2.1/bin/../lib/gcc/arm-none-eabi/9.2.1/thumb/v7e-m+fp/hard/libgcc.a(_udivmoddi4.o)
                0x00000000080032b8                __exidx_end = .
                0x00000000080032b8                . = ALIGN (0x8)

.rel.dyn        0x00000000080032b8        0x0
 .rel.iplt      0x00000000080032b8        0x0 /Users/simonxu/.particle/toolchains/gcc-arm/9.2.1/bin/../lib/gcc/arm-none-eabi/9.2.1/thumb/v7e-m+fp/hard/crtbegin.o

.preinit_array  0x00000000080032b8        0x0
                0x00000000080032b8                . = ALIGN (0x8)
                0x00000000080032b8                PROVIDE (__preinit_array_start = .)
 *(.preinit_array*)
                0x00000000080032b8                PROVIDE (__preinit_array_end = .)
                0x00000000080032b8                . = ALIGN (0x8)

.init_array     0x00000000080032b8        0x8
                0x00000000080032b8                . = ALIGN (0x8)
                0x00000000080032b8                PROVIDE (__init_array_start = .)
 *(SORT_BY_NAME(.init_array.*))
 *(.init_array*)
 .init_array    0x00000000080032b8        0x4 /Users/simonxu/.particle/toolchains/gcc-arm/9.2.1/bin/../lib/gcc/arm-none-eabi/9.2.1/thumb/v7e-m+fp/hard/crtbegin.o
                0x00000000080032bc                PROVIDE (__init_array_end = .)
                0x00000000080032c0                . = ALIGN (0x8)
 *fill*         0x00000000080032bc        0x4 

.fini_array     0x00000000080032c0        0x8
                0x00000000080032c0                . = ALIGN (0x8)
                [!provide]                        PROVIDE (__fini_array_start = .)
 *(SORT_BY_NAME(.fini_array.*))
 *(.fini_array*)
 .fini_array    0x00000000080032c0        0x4 /Users/simonxu/.particle/toolchains/gcc-arm/9.2.1/bin/../lib/gcc/arm-none-eabi/9.2.1/thumb/v7e-m+fp/hard/crtbegin.o
                [!provide]                        PROVIDE (__fini_array_end = .)
                0x00000000080032c8                . = ALIGN (0x8)
 *fill*         0x00000000080032c4        0x4 
                0x00000000080032c8                _sidata = LOADADDR (.data)

.data           0x0000000020000000       0x10 load address 0x00000000080032c8
                0x0000000020000000                . = ALIGN (0x8)
                0x0000000020000000                _sdata = .
 *(.data)
 *(.data*)
 .data.uwTickFreq
                0x0000000020000000        0x4 build/stm32l4xx_hal.o
                0x0000000020000000                uwTickFreq
 .data.uwTickPrio
                0x0000000020000004        0x4 build/stm32l4xx_hal.o
                0x0000000020000004                uwTickPrio
 .data.SystemCoreClock
                0x0000000020000008        0x4 build/system_stm32l4xx.o
                0x0000000020000008                SystemCoreClock
                0x0000000020000010                . = ALIGN (0x8)
 *fill*         0x000000002000000c        0x4 
                0x0000000020000010                _edata = .

.igot.plt       0x0000000020000010        0x0 load address 0x00000000080032d8
 .igot.plt      0x0000000020000010        0x0 /Users/simonxu/.particle/toolchains/gcc-arm/9.2.1/bin/../lib/gcc/arm-none-eabi/9.2.1/thumb/v7e-m+fp/hard/crtbegin.o
                0x0000000020000010                . = ALIGN (0x4)

.bss            0x0000000020000010      0x67c load address 0x00000000080032d8
                0x0000000020000010                _sbss = .
                0x0000000020000010                __bss_start__ = _sbss
 *(.bss)
 .bss           0x0000000020000010       0x1c /Users/simonxu/.particle/toolchains/gcc-arm/9.2.1/bin/../lib/gcc/arm-none-eabi/9.2.1/thumb/v7e-m+fp/hard/crtbegin.o
 *(.bss*)
 .bss.DFSDM1_Init
                0x000000002000002c        0x4 build/stm32l4xx_hal_msp.o
 .bss.a_dfsdm1ChannelHandle
                0x0000000020000030       0x20 build/stm32l4xx_hal_dfsdm.o
 .bss.v_dfsdm1ChannelCounter
                0x0000000020000050        0x4 build/stm32l4xx_hal_dfsdm.o
 *(COMMON)
 COMMON         0x0000000020000054      0x634 build/main.o
                0x0000000020000054                hdfsdm1_channel1
                0x000000002000008c                huart3
                0x000000002000010c                hpcd_USB_OTG_FS
                0x0000000020000514                hi2c2
                0x0000000020000560                hspi3
                0x00000000200005c4                huart1
                0x0000000020000644                hqspi
 COMMON         0x0000000020000688        0x4 build/stm32l4xx_hal.o
                0x0000000020000688                uwTick
                0x000000002000068c                . = ALIGN (0x4)
                0x000000002000068c                _ebss = .
                0x000000002000068c                __bss_end__ = _ebss

._user_heap_stack
                0x000000002000068c      0x604 load address 0x00000000080032d8
                0x0000000020000690                . = ALIGN (0x8)
 *fill*         0x000000002000068c        0x4 
                [!provide]                        PROVIDE (end = .)
                [!provide]                        PROVIDE (_end = .)
                0x0000000020000890                . = (. + _Min_Heap_Size)
 *fill*         0x0000000020000690      0x200 
                0x0000000020000c90                . = (. + _Min_Stack_Size)
 *fill*         0x0000000020000890      0x400 
                0x0000000020000c90                . = ALIGN (0x8)

/DISCARD/
 libc.a(*)
 libm.a(*)
 libgcc.a(*)

.ARM.attributes
                0x0000000000000000       0x30
 *(.ARM.attributes)
 .ARM.attributes
                0x0000000000000000       0x1e /Users/simonxu/.particle/toolchains/gcc-arm/9.2.1/bin/../lib/gcc/arm-none-eabi/9.2.1/thumb/v7e-m+fp/hard/crti.o
 .ARM.attributes
                0x000000000000001e       0x34 /Users/simonxu/.particle/toolchains/gcc-arm/9.2.1/bin/../lib/gcc/arm-none-eabi/9.2.1/thumb/v7e-m+fp/hard/crtbegin.o
 .ARM.attributes
                0x0000000000000052       0x34 build/main.o
 .ARM.attributes
                0x0000000000000086       0x34 build/stm32l4xx_it.o
 .ARM.attributes
                0x00000000000000ba       0x34 build/stm32l4xx_hal_msp.o
 .ARM.attributes
                0x00000000000000ee       0x34 build/stm32l4xx_hal_dfsdm.o
 .ARM.attributes
                0x0000000000000122       0x34 build/stm32l4xx_hal.o
 .ARM.attributes
                0x0000000000000156       0x34 build/stm32l4xx_hal_i2c.o
 .ARM.attributes
                0x000000000000018a       0x34 build/stm32l4xx_hal_i2c_ex.o
 .ARM.attributes
                0x00000000000001be       0x34 build/stm32l4xx_hal_rcc.o
 .ARM.attributes
                0x00000000000001f2       0x34 build/stm32l4xx_hal_rcc_ex.o
 .ARM.attributes
                0x0000000000000226       0x34 build/stm32l4xx_hal_gpio.o
 .ARM.attributes
                0x000000000000025a       0x34 build/stm32l4xx_hal_pwr.o
 .ARM.attributes
                0x000000000000028e       0x34 build/stm32l4xx_hal_pwr_ex.o
 .ARM.attributes
                0x00000000000002c2       0x34 build/stm32l4xx_hal_cortex.o
 .ARM.attributes
                0x00000000000002f6       0x34 build/stm32l4xx_hal_qspi.o
 .ARM.attributes
                0x000000000000032a       0x34 build/stm32l4xx_hal_spi.o
 .ARM.attributes
                0x000000000000035e       0x34 build/stm32l4xx_hal_uart.o
 .ARM.attributes
                0x0000000000000392       0x34 build/stm32l4xx_hal_pcd.o
 .ARM.attributes
                0x00000000000003c6       0x34 build/stm32l4xx_hal_pcd_ex.o
 .ARM.attributes
                0x00000000000003fa       0x34 build/stm32l4xx_ll_usb.o
 .ARM.attributes
                0x000000000000042e       0x34 build/system_stm32l4xx.o
 .ARM.attributes
                0x0000000000000462       0x21 build/startup_stm32l475xx.o
 .ARM.attributes
                0x0000000000000483       0x34 /Users/simonxu/.particle/toolchains/gcc-arm/9.2.1/bin/../lib/gcc/arm-none-eabi/9.2.1/../../../../arm-none-eabi/lib/thumb/v7e-m+fp/hard/libc_nano.a(lib_a-init.o)
 .ARM.attributes
                0x00000000000004b7       0x34 /Users/simonxu/.particle/toolchains/gcc-arm/9.2.1/bin/../lib/gcc/arm-none-eabi/9.2.1/../../../../arm-none-eabi/lib/thumb/v7e-m+fp/hard/libc_nano.a(lib_a-memset.o)
 .ARM.attributes
                0x00000000000004eb       0x1e /Users/simonxu/.particle/toolchains/gcc-arm/9.2.1/bin/../lib/gcc/arm-none-eabi/9.2.1/thumb/v7e-m+fp/hard/libgcc.a(_aeabi_uldivmod.o)
 .ARM.attributes
                0x0000000000000509       0x34 /Users/simonxu/.particle/toolchains/gcc-arm/9.2.1/bin/../lib/gcc/arm-none-eabi/9.2.1/thumb/v7e-m+fp/hard/libgcc.a(_udivmoddi4.o)
 .ARM.attributes
                0x000000000000053d       0x1e /Users/simonxu/.particle/toolchains/gcc-arm/9.2.1/bin/../lib/gcc/arm-none-eabi/9.2.1/thumb/v7e-m+fp/hard/libgcc.a(_dvmd_tls.o)
 .ARM.attributes
                0x000000000000055b       0x1e /Users/simonxu/.particle/toolchains/gcc-arm/9.2.1/bin/../lib/gcc/arm-none-eabi/9.2.1/thumb/v7e-m+fp/hard/crtn.o
OUTPUT(build/test.elf elf32-littlearm)

.debug_info     0x0000000000000000    0x1fb66
 .debug_info    0x0000000000000000     0x35de build/main.o
 .debug_info    0x00000000000035de      0x4b5 build/stm32l4xx_it.o
 .debug_info    0x0000000000003a93     0x23e8 build/stm32l4xx_hal_msp.o
 .debug_info    0x0000000000005e7b     0x2563 build/stm32l4xx_hal_dfsdm.o
 .debug_info    0x00000000000083de      0xe83 build/stm32l4xx_hal.o
 .debug_info    0x0000000000009261     0x4338 build/stm32l4xx_hal_i2c.o
 .debug_info    0x000000000000d599      0xd2d build/stm32l4xx_hal_i2c_ex.o
 .debug_info    0x000000000000e2c6     0x11db build/stm32l4xx_hal_rcc.o
 .debug_info    0x000000000000f4a1     0x15df build/stm32l4xx_hal_rcc_ex.o
 .debug_info    0x0000000000010a80      0xb2d build/stm32l4xx_hal_gpio.o
 .debug_info    0x00000000000115ad      0xcba build/stm32l4xx_hal_pwr.o
 .debug_info    0x0000000000012267      0xda4 build/stm32l4xx_hal_pwr_ex.o
 .debug_info    0x000000000001300b     0x1370 build/stm32l4xx_hal_cortex.o
 .debug_info    0x000000000001437b     0x1bd2 build/stm32l4xx_hal_qspi.o
 .debug_info    0x0000000000015f4d     0x241b build/stm32l4xx_hal_spi.o
 .debug_info    0x0000000000018368     0x238b build/stm32l4xx_hal_uart.o
 .debug_info    0x000000000001a6f3     0x1d13 build/stm32l4xx_hal_pcd.o
 .debug_info    0x000000000001c406      0xcc5 build/stm32l4xx_hal_pcd_ex.o
 .debug_info    0x000000000001d0cb     0x2253 build/stm32l4xx_ll_usb.o
 .debug_info    0x000000000001f31e      0x826 build/system_stm32l4xx.o
 .debug_info    0x000000000001fb44       0x22 build/startup_stm32l475xx.o

.debug_abbrev   0x0000000000000000     0x320c
 .debug_abbrev  0x0000000000000000      0x321 build/main.o
 .debug_abbrev  0x0000000000000321      0x136 build/stm32l4xx_it.o
 .debug_abbrev  0x0000000000000457      0x241 build/stm32l4xx_hal_msp.o
 .debug_abbrev  0x0000000000000698      0x2b8 build/stm32l4xx_hal_dfsdm.o
 .debug_abbrev  0x0000000000000950      0x269 build/stm32l4xx_hal.o
 .debug_abbrev  0x0000000000000bb9      0x2e8 build/stm32l4xx_hal_i2c.o
 .debug_abbrev  0x0000000000000ea1      0x1e2 build/stm32l4xx_hal_i2c_ex.o
 .debug_abbrev  0x0000000000001083      0x28e build/stm32l4xx_hal_rcc.o
 .debug_abbrev  0x0000000000001311      0x2c3 build/stm32l4xx_hal_rcc_ex.o
 .debug_abbrev  0x00000000000015d4      0x24f build/stm32l4xx_hal_gpio.o
 .debug_abbrev  0x0000000000001823      0x1cc build/stm32l4xx_hal_pwr.o
 .debug_abbrev  0x00000000000019ef      0x247 build/stm32l4xx_hal_pwr_ex.o
 .debug_abbrev  0x0000000000001c36      0x3a8 build/stm32l4xx_hal_cortex.o
 .debug_abbrev  0x0000000000001fde      0x29c build/stm32l4xx_hal_qspi.o
 .debug_abbrev  0x000000000000227a      0x2a4 build/stm32l4xx_hal_spi.o
 .debug_abbrev  0x000000000000251e      0x2ac build/stm32l4xx_hal_uart.o
 .debug_abbrev  0x00000000000027ca      0x2ef build/stm32l4xx_hal_pcd.o
 .debug_abbrev  0x0000000000002ab9      0x299 build/stm32l4xx_hal_pcd_ex.o
 .debug_abbrev  0x0000000000002d52      0x335 build/stm32l4xx_ll_usb.o
 .debug_abbrev  0x0000000000003087      0x173 build/system_stm32l4xx.o
 .debug_abbrev  0x00000000000031fa       0x12 build/startup_stm32l475xx.o

.debug_loc      0x0000000000000000    0x1634f
 .debug_loc     0x0000000000000000      0x172 build/main.o
 .debug_loc     0x0000000000000172       0x60 build/stm32l4xx_it.o
 .debug_loc     0x00000000000001d2      0x5dd build/stm32l4xx_hal_msp.o
 .debug_loc     0x00000000000007af     0x25e5 build/stm32l4xx_hal_dfsdm.o
 .debug_loc     0x0000000000002d94      0x296 build/stm32l4xx_hal.o
 .debug_loc     0x000000000000302a     0x5085 build/stm32l4xx_hal_i2c.o
 .debug_loc     0x00000000000080af      0x25a build/stm32l4xx_hal_i2c_ex.o
 .debug_loc     0x0000000000008309      0x99d build/stm32l4xx_hal_rcc.o
 .debug_loc     0x0000000000008ca6     0x1d29 build/stm32l4xx_hal_rcc_ex.o
 .debug_loc     0x000000000000a9cf      0x3d6 build/stm32l4xx_hal_gpio.o
 .debug_loc     0x000000000000ada5      0x1f1 build/stm32l4xx_hal_pwr.o
 .debug_loc     0x000000000000af96      0xb66 build/stm32l4xx_hal_pwr_ex.o
 .debug_loc     0x000000000000bafc      0x7d4 build/stm32l4xx_hal_cortex.o
 .debug_loc     0x000000000000c2d0     0x194d build/stm32l4xx_hal_qspi.o
 .debug_loc     0x000000000000dc1d     0x25e0 build/stm32l4xx_hal_spi.o
 .debug_loc     0x00000000000101fd     0x23af build/stm32l4xx_hal_uart.o
 .debug_loc     0x00000000000125ac     0x146d build/stm32l4xx_hal_pcd.o
 .debug_loc     0x0000000000013a19      0x265 build/stm32l4xx_hal_pcd_ex.o
 .debug_loc     0x0000000000013c7e     0x24d5 build/stm32l4xx_ll_usb.o
 .debug_loc     0x0000000000016153      0x1fc build/system_stm32l4xx.o

.debug_aranges  0x0000000000000000     0x14a0
 .debug_aranges
                0x0000000000000000       0x70 build/main.o
 .debug_aranges
                0x0000000000000070       0x70 build/stm32l4xx_it.o
 .debug_aranges
                0x00000000000000e0       0x80 build/stm32l4xx_hal_msp.o
 .debug_aranges
                0x0000000000000160      0x248 build/stm32l4xx_hal_dfsdm.o
 .debug_aranges
                0x00000000000003a8      0x130 build/stm32l4xx_hal.o
 .debug_aranges
                0x00000000000004d8      0x290 build/stm32l4xx_hal_i2c.o
 .debug_aranges
                0x0000000000000768       0x48 build/stm32l4xx_hal_i2c_ex.o
 .debug_aranges
                0x00000000000007b0       0x88 build/stm32l4xx_hal_rcc.o
 .debug_aranges
                0x0000000000000838       0xc0 build/stm32l4xx_hal_rcc_ex.o
 .debug_aranges
                0x00000000000008f8       0x58 build/stm32l4xx_hal_gpio.o
 .debug_aranges
                0x0000000000000950       0x98 build/stm32l4xx_hal_pwr.o
 .debug_aranges
                0x00000000000009e8      0x150 build/stm32l4xx_hal_pwr_ex.o
 .debug_aranges
                0x0000000000000b38       0xa8 build/stm32l4xx_hal_cortex.o
 .debug_aranges
                0x0000000000000be0      0x160 build/stm32l4xx_hal_qspi.o
 .debug_aranges
                0x0000000000000d40      0x1d8 build/stm32l4xx_hal_spi.o
 .debug_aranges
                0x0000000000000f18      0x210 build/stm32l4xx_hal_uart.o
 .debug_aranges
                0x0000000000001128      0x130 build/stm32l4xx_hal_pcd.o
 .debug_aranges
                0x0000000000001258       0x60 build/stm32l4xx_hal_pcd_ex.o
 .debug_aranges
                0x00000000000012b8      0x198 build/stm32l4xx_ll_usb.o
 .debug_aranges
                0x0000000000001450       0x28 build/system_stm32l4xx.o
 .debug_aranges
                0x0000000000001478       0x28 build/startup_stm32l475xx.o

.debug_ranges   0x0000000000000000     0x1410
 .debug_ranges  0x0000000000000000       0x60 build/main.o
 .debug_ranges  0x0000000000000060       0x60 build/stm32l4xx_it.o
 .debug_ranges  0x00000000000000c0       0x70 build/stm32l4xx_hal_msp.o
 .debug_ranges  0x0000000000000130      0x258 build/stm32l4xx_hal_dfsdm.o
 .debug_ranges  0x0000000000000388      0x120 build/stm32l4xx_hal.o
 .debug_ranges  0x00000000000004a8      0x280 build/stm32l4xx_hal_i2c.o
 .debug_ranges  0x0000000000000728       0x38 build/stm32l4xx_hal_i2c_ex.o
 .debug_ranges  0x0000000000000760       0x90 build/stm32l4xx_hal_rcc.o
 .debug_ranges  0x00000000000007f0       0xd0 build/stm32l4xx_hal_rcc_ex.o
 .debug_ranges  0x00000000000008c0       0x48 build/stm32l4xx_hal_gpio.o
 .debug_ranges  0x0000000000000908       0x88 build/stm32l4xx_hal_pwr.o
 .debug_ranges  0x0000000000000990      0x140 build/stm32l4xx_hal_pwr_ex.o
 .debug_ranges  0x0000000000000ad0       0xf8 build/stm32l4xx_hal_cortex.o
 .debug_ranges  0x0000000000000bc8      0x150 build/stm32l4xx_hal_qspi.o
 .debug_ranges  0x0000000000000d18      0x1c8 build/stm32l4xx_hal_spi.o
 .debug_ranges  0x0000000000000ee0      0x200 build/stm32l4xx_hal_uart.o
 .debug_ranges  0x00000000000010e0      0x120 build/stm32l4xx_hal_pcd.o
 .debug_ranges  0x0000000000001200       0x50 build/stm32l4xx_hal_pcd_ex.o
 .debug_ranges  0x0000000000001250      0x188 build/stm32l4xx_ll_usb.o
 .debug_ranges  0x00000000000013d8       0x18 build/system_stm32l4xx.o
 .debug_ranges  0x00000000000013f0       0x20 build/startup_stm32l475xx.o

.debug_line     0x0000000000000000    0x1609e
 .debug_line    0x0000000000000000      0xb2c build/main.o
 .debug_line    0x0000000000000b2c      0x2e1 build/stm32l4xx_it.o
 .debug_line    0x0000000000000e0d      0x719 build/stm32l4xx_hal_msp.o
 .debug_line    0x0000000000001526     0x1f21 build/stm32l4xx_hal_dfsdm.o
 .debug_line    0x0000000000003447      0x69e build/stm32l4xx_hal.o
 .debug_line    0x0000000000003ae5     0x48d8 build/stm32l4xx_hal_i2c.o
 .debug_line    0x00000000000083bd      0x519 build/stm32l4xx_hal_i2c_ex.o
 .debug_line    0x00000000000088d6      0xee2 build/stm32l4xx_hal_rcc.o
 .debug_line    0x00000000000097b8     0x1560 build/stm32l4xx_hal_rcc_ex.o
 .debug_line    0x000000000000ad18      0x71e build/stm32l4xx_hal_gpio.o
 .debug_line    0x000000000000b436      0x454 build/stm32l4xx_hal_pwr.o
 .debug_line    0x000000000000b88a      0xad2 build/stm32l4xx_hal_pwr_ex.o
 .debug_line    0x000000000000c35c      0x7bf build/stm32l4xx_hal_cortex.o
 .debug_line    0x000000000000cb1b     0x163d build/stm32l4xx_hal_qspi.o
 .debug_line    0x000000000000e158     0x285f build/stm32l4xx_hal_spi.o
 .debug_line    0x00000000000109b7     0x22fe build/stm32l4xx_hal_uart.o
 .debug_line    0x0000000000012cb5     0x1226 build/stm32l4xx_hal_pcd.o
 .debug_line    0x0000000000013edb      0x4e3 build/stm32l4xx_hal_pcd_ex.o
 .debug_line    0x00000000000143be     0x1959 build/stm32l4xx_ll_usb.o
 .debug_line    0x0000000000015d17      0x314 build/system_stm32l4xx.o
 .debug_line    0x000000000001602b       0x73 build/startup_stm32l475xx.o

.debug_str      0x0000000000000000     0x6ced
 .debug_str     0x0000000000000000     0x220b build/main.o
                                       0x23fb (size before relaxing)
 .debug_str     0x000000000000220b       0xf0 build/stm32l4xx_it.o
                                        0x4c0 (size before relaxing)
 .debug_str     0x00000000000022fb      0x169 build/stm32l4xx_hal_msp.o
                                       0x162d (size before relaxing)
 .debug_str     0x0000000000002464      0xbbe build/stm32l4xx_hal_dfsdm.o
                                       0x1443 (size before relaxing)
 .debug_str     0x0000000000003022      0x3d7 build/stm32l4xx_hal.o
                                        0xe74 (size before relaxing)
 .debug_str     0x00000000000033f9      0x880 build/stm32l4xx_hal_i2c.o
                                       0x116c (size before relaxing)
 .debug_str     0x0000000000003c79       0xb5 build/stm32l4xx_hal_i2c_ex.o
                                        0xade (size before relaxing)
 .debug_str     0x0000000000003d2e      0x2c5 build/stm32l4xx_hal_rcc.o
                                        0xa55 (size before relaxing)
 .debug_str     0x0000000000003ff3      0x307 build/stm32l4xx_hal_rcc_ex.o
                                        0xcda (size before relaxing)
 .debug_str     0x00000000000042fa       0xa9 build/stm32l4xx_hal_gpio.o
                                        0x76d (size before relaxing)
 .debug_str     0x00000000000043a3      0x292 build/stm32l4xx_hal_pwr.o
                                        0x8c9 (size before relaxing)
 .debug_str     0x0000000000004635      0x3e8 build/stm32l4xx_hal_pwr_ex.o
                                        0xa1f (size before relaxing)
 .debug_str     0x0000000000004a1d      0x437 build/stm32l4xx_hal_cortex.o
                                        0xe1f (size before relaxing)
 .debug_str     0x0000000000004e54      0x4c7 build/stm32l4xx_hal_qspi.o
                                        0xd15 (size before relaxing)
 .debug_str     0x000000000000531b      0x4fa build/stm32l4xx_hal_spi.o
                                        0xd8a (size before relaxing)
 .debug_str     0x0000000000005815      0x721 build/stm32l4xx_hal_uart.o
                                       0x1119 (size before relaxing)
 .debug_str     0x0000000000005f36      0x787 build/stm32l4xx_hal_pcd.o
                                        0xf77 (size before relaxing)
 .debug_str     0x00000000000066bd      0x1ac build/stm32l4xx_hal_pcd_ex.o
                                        0x9c7 (size before relaxing)
 .debug_str     0x0000000000006869      0x428 build/stm32l4xx_ll_usb.o
                                        0xeaa (size before relaxing)
 .debug_str     0x0000000000006c91       0x38 build/system_stm32l4xx.o
                                        0x5bb (size before relaxing)
 .debug_str     0x0000000000006cc9       0x24 build/startup_stm32l475xx.o
                                         0x58 (size before relaxing)

.comment        0x0000000000000000       0x79
 .comment       0x0000000000000000       0x79 build/main.o
                                         0x7a (size before relaxing)
 .comment       0x0000000000000079       0x7a build/stm32l4xx_it.o
 .comment       0x0000000000000079       0x7a build/stm32l4xx_hal_msp.o
 .comment       0x0000000000000079       0x7a build/stm32l4xx_hal_dfsdm.o
 .comment       0x0000000000000079       0x7a build/stm32l4xx_hal.o
 .comment       0x0000000000000079       0x7a build/stm32l4xx_hal_i2c.o
 .comment       0x0000000000000079       0x7a build/stm32l4xx_hal_i2c_ex.o
 .comment       0x0000000000000079       0x7a build/stm32l4xx_hal_rcc.o
 .comment       0x0000000000000079       0x7a build/stm32l4xx_hal_rcc_ex.o
 .comment       0x0000000000000079       0x7a build/stm32l4xx_hal_gpio.o
 .comment       0x0000000000000079       0x7a build/stm32l4xx_hal_pwr.o
 .comment       0x0000000000000079       0x7a build/stm32l4xx_hal_pwr_ex.o
 .comment       0x0000000000000079       0x7a build/stm32l4xx_hal_cortex.o
 .comment       0x0000000000000079       0x7a build/stm32l4xx_hal_qspi.o
 .comment       0x0000000000000079       0x7a build/stm32l4xx_hal_spi.o
 .comment       0x0000000000000079       0x7a build/stm32l4xx_hal_uart.o
 .comment       0x0000000000000079       0x7a build/stm32l4xx_hal_pcd.o
 .comment       0x0000000000000079       0x7a build/stm32l4xx_hal_pcd_ex.o
 .comment       0x0000000000000079       0x7a build/stm32l4xx_ll_usb.o
 .comment       0x0000000000000079       0x7a build/system_stm32l4xx.o

.debug_frame    0x0000000000000000     0x3e04
 .debug_frame   0x0000000000000000      0x168 build/main.o
 .debug_frame   0x0000000000000168       0xe4 build/stm32l4xx_it.o
 .debug_frame   0x000000000000024c      0x1a4 build/stm32l4xx_hal_msp.o
 .debug_frame   0x00000000000003f0      0x6c0 build/stm32l4xx_hal_dfsdm.o
 .debug_frame   0x0000000000000ab0      0x28c build/stm32l4xx_hal.o
 .debug_frame   0x0000000000000d3c      0xa94 build/stm32l4xx_hal_i2c.o
 .debug_frame   0x00000000000017d0       0x80 build/stm32l4xx_hal_i2c_ex.o
 .debug_frame   0x0000000000001850      0x1c0 build/stm32l4xx_hal_rcc.o
 .debug_frame   0x0000000000001a10      0x23c build/stm32l4xx_hal_rcc_ex.o
 .debug_frame   0x0000000000001c4c       0xe4 build/stm32l4xx_hal_gpio.o
 .debug_frame   0x0000000000001d30      0x128 build/stm32l4xx_hal_pwr.o
 .debug_frame   0x0000000000001e58      0x2a4 build/stm32l4xx_hal_pwr_ex.o
 .debug_frame   0x00000000000020fc      0x16c build/stm32l4xx_hal_cortex.o
 .debug_frame   0x0000000000002268      0x480 build/stm32l4xx_hal_qspi.o
 .debug_frame   0x00000000000026e8      0x674 build/stm32l4xx_hal_spi.o
 .debug_frame   0x0000000000002d5c      0x67c build/stm32l4xx_hal_uart.o
 .debug_frame   0x00000000000033d8      0x3b4 build/stm32l4xx_hal_pcd.o
 .debug_frame   0x000000000000378c       0xc0 build/stm32l4xx_hal_pcd_ex.o
 .debug_frame   0x000000000000384c      0x4dc build/stm32l4xx_ll_usb.o
 .debug_frame   0x0000000000003d28       0x30 build/system_stm32l4xx.o
 .debug_frame   0x0000000000003d58       0x2c /Users/simonxu/.particle/toolchains/gcc-arm/9.2.1/bin/../lib/gcc/arm-none-eabi/9.2.1/../../../../arm-none-eabi/lib/thumb/v7e-m+fp/hard/libc_nano.a(lib_a-init.o)
 .debug_frame   0x0000000000003d84       0x20 /Users/simonxu/.particle/toolchains/gcc-arm/9.2.1/bin/../lib/gcc/arm-none-eabi/9.2.1/../../../../arm-none-eabi/lib/thumb/v7e-m+fp/hard/libc_nano.a(lib_a-memset.o)
 .debug_frame   0x0000000000003da4       0x2c /Users/simonxu/.particle/toolchains/gcc-arm/9.2.1/bin/../lib/gcc/arm-none-eabi/9.2.1/thumb/v7e-m+fp/hard/libgcc.a(_aeabi_uldivmod.o)
 .debug_frame   0x0000000000003dd0       0x34 /Users/simonxu/.particle/toolchains/gcc-arm/9.2.1/bin/../lib/gcc/arm-none-eabi/9.2.1/thumb/v7e-m+fp/hard/libgcc.a(_udivmoddi4.o)

Cross Reference Table

Symbol                                            File
ADC1_2_IRQHandler                                 build/startup_stm32l475xx.o
ADC3_IRQHandler                                   build/startup_stm32l475xx.o
AHBPrescTable                                     build/system_stm32l4xx.o
                                                  build/stm32l4xx_hal_rcc.o
APBPrescTable                                     build/system_stm32l4xx.o
                                                  build/stm32l4xx_hal_rcc.o
BusFault_Handler                                  build/stm32l4xx_it.o
CAN1_RX0_IRQHandler                               build/startup_stm32l475xx.o
CAN1_RX1_IRQHandler                               build/startup_stm32l475xx.o
CAN1_SCE_IRQHandler                               build/startup_stm32l475xx.o
CAN1_TX_IRQHandler                                build/startup_stm32l475xx.o
COMP_IRQHandler                                   build/startup_stm32l475xx.o
DFSDM1_FLT0_IRQHandler                            build/startup_stm32l475xx.o
DFSDM1_FLT1_IRQHandler                            build/startup_stm32l475xx.o
DFSDM1_FLT2_IRQHandler                            build/startup_stm32l475xx.o
DFSDM1_FLT3_IRQHandler                            build/startup_stm32l475xx.o
DMA1_Channel1_IRQHandler                          build/startup_stm32l475xx.o
DMA1_Channel2_IRQHandler                          build/startup_stm32l475xx.o
DMA1_Channel3_IRQHandler                          build/startup_stm32l475xx.o
DMA1_Channel4_IRQHandler                          build/startup_stm32l475xx.o
DMA1_Channel5_IRQHandler                          build/startup_stm32l475xx.o
DMA1_Channel6_IRQHandler                          build/startup_stm32l475xx.o
DMA1_Channel7_IRQHandler                          build/startup_stm32l475xx.o
DMA2_Channel1_IRQHandler                          build/startup_stm32l475xx.o
DMA2_Channel2_IRQHandler                          build/startup_stm32l475xx.o
DMA2_Channel3_IRQHandler                          build/startup_stm32l475xx.o
DMA2_Channel4_IRQHandler                          build/startup_stm32l475xx.o
DMA2_Channel5_IRQHandler                          build/startup_stm32l475xx.o
DMA2_Channel6_IRQHandler                          build/startup_stm32l475xx.o
DMA2_Channel7_IRQHandler                          build/startup_stm32l475xx.o
DebugMon_Handler                                  build/stm32l4xx_it.o
Default_Handler                                   build/startup_stm32l475xx.o
EXTI0_IRQHandler                                  build/startup_stm32l475xx.o
EXTI15_10_IRQHandler                              build/stm32l4xx_it.o
EXTI1_IRQHandler                                  build/startup_stm32l475xx.o
EXTI2_IRQHandler                                  build/startup_stm32l475xx.o
EXTI3_IRQHandler                                  build/startup_stm32l475xx.o
EXTI4_IRQHandler                                  build/startup_stm32l475xx.o
EXTI9_5_IRQHandler                                build/stm32l4xx_it.o
Error_Handler                                     build/main.o
FLASH_FlushCaches                                 build/stm32l4xx_hal_flash_ex.o
                                                  build/stm32l4xx_hal_flash.o
FLASH_IRQHandler                                  build/startup_stm32l475xx.o
FLASH_PageErase                                   build/stm32l4xx_hal_flash_ex.o
                                                  build/stm32l4xx_hal_flash.o
FLASH_WaitForLastOperation                        build/stm32l4xx_hal_flash.o
                                                  build/stm32l4xx_hal_flash_ex.o
FMC_IRQHandler                                    build/startup_stm32l475xx.o
FPU_IRQHandler                                    build/startup_stm32l475xx.o
HAL_DBGMCU_DisableDBGSleepMode                    build/stm32l4xx_hal.o
HAL_DBGMCU_DisableDBGStandbyMode                  build/stm32l4xx_hal.o
HAL_DBGMCU_DisableDBGStopMode                     build/stm32l4xx_hal.o
HAL_DBGMCU_EnableDBGSleepMode                     build/stm32l4xx_hal.o
HAL_DBGMCU_EnableDBGStandbyMode                   build/stm32l4xx_hal.o
HAL_DBGMCU_EnableDBGStopMode                      build/stm32l4xx_hal.o
HAL_DFSDM_ChannelCkabCallback                     build/stm32l4xx_hal_dfsdm.o
HAL_DFSDM_ChannelCkabStart                        build/stm32l4xx_hal_dfsdm.o
HAL_DFSDM_ChannelCkabStart_IT                     build/stm32l4xx_hal_dfsdm.o
HAL_DFSDM_ChannelCkabStop                         build/stm32l4xx_hal_dfsdm.o
HAL_DFSDM_ChannelCkabStop_IT                      build/stm32l4xx_hal_dfsdm.o
HAL_DFSDM_ChannelDeInit                           build/stm32l4xx_hal_dfsdm.o
HAL_DFSDM_ChannelGetAwdValue                      build/stm32l4xx_hal_dfsdm.o
HAL_DFSDM_ChannelGetState                         build/stm32l4xx_hal_dfsdm.o
HAL_DFSDM_ChannelInit                             build/stm32l4xx_hal_dfsdm.o
                                                  build/main.o
HAL_DFSDM_ChannelModifyOffset                     build/stm32l4xx_hal_dfsdm.o
HAL_DFSDM_ChannelMspDeInit                        build/stm32l4xx_hal_msp.o
HAL_DFSDM_ChannelMspInit                          build/stm32l4xx_hal_msp.o
HAL_DFSDM_ChannelPollForCkab                      build/stm32l4xx_hal_dfsdm.o
HAL_DFSDM_ChannelPollForScd                       build/stm32l4xx_hal_dfsdm.o
HAL_DFSDM_ChannelScdCallback                      build/stm32l4xx_hal_dfsdm.o
HAL_DFSDM_ChannelScdStart                         build/stm32l4xx_hal_dfsdm.o
HAL_DFSDM_ChannelScdStart_IT                      build/stm32l4xx_hal_dfsdm.o
HAL_DFSDM_ChannelScdStop                          build/stm32l4xx_hal_dfsdm.o
HAL_DFSDM_ChannelScdStop_IT                       build/stm32l4xx_hal_dfsdm.o
HAL_DFSDM_FilterAwdCallback                       build/stm32l4xx_hal_dfsdm.o
HAL_DFSDM_FilterAwdStart_IT                       build/stm32l4xx_hal_dfsdm.o
HAL_DFSDM_FilterAwdStop_IT                        build/stm32l4xx_hal_dfsdm.o
HAL_DFSDM_FilterConfigInjChannel                  build/stm32l4xx_hal_dfsdm.o
HAL_DFSDM_FilterConfigRegChannel                  build/stm32l4xx_hal_dfsdm.o
HAL_DFSDM_FilterDeInit                            build/stm32l4xx_hal_dfsdm.o
HAL_DFSDM_FilterErrorCallback                     build/stm32l4xx_hal_dfsdm.o
HAL_DFSDM_FilterExdStart                          build/stm32l4xx_hal_dfsdm.o
HAL_DFSDM_FilterExdStop                           build/stm32l4xx_hal_dfsdm.o
HAL_DFSDM_FilterGetConvTimeValue                  build/stm32l4xx_hal_dfsdm.o
HAL_DFSDM_FilterGetError                          build/stm32l4xx_hal_dfsdm.o
HAL_DFSDM_FilterGetExdMaxValue                    build/stm32l4xx_hal_dfsdm.o
HAL_DFSDM_FilterGetExdMinValue                    build/stm32l4xx_hal_dfsdm.o
HAL_DFSDM_FilterGetInjectedValue                  build/stm32l4xx_hal_dfsdm.o
HAL_DFSDM_FilterGetRegularValue                   build/stm32l4xx_hal_dfsdm.o
HAL_DFSDM_FilterGetState                          build/stm32l4xx_hal_dfsdm.o
HAL_DFSDM_FilterInit                              build/stm32l4xx_hal_dfsdm.o
HAL_DFSDM_FilterInjConvCpltCallback               build/stm32l4xx_hal_dfsdm.o
HAL_DFSDM_FilterInjConvHalfCpltCallback           build/stm32l4xx_hal_dfsdm.o
HAL_DFSDM_FilterInjectedMsbStart_DMA              build/stm32l4xx_hal_dfsdm.o
HAL_DFSDM_FilterInjectedStart                     build/stm32l4xx_hal_dfsdm.o
HAL_DFSDM_FilterInjectedStart_DMA                 build/stm32l4xx_hal_dfsdm.o
HAL_DFSDM_FilterInjectedStart_IT                  build/stm32l4xx_hal_dfsdm.o
HAL_DFSDM_FilterInjectedStop                      build/stm32l4xx_hal_dfsdm.o
HAL_DFSDM_FilterInjectedStop_DMA                  build/stm32l4xx_hal_dfsdm.o
HAL_DFSDM_FilterInjectedStop_IT                   build/stm32l4xx_hal_dfsdm.o
HAL_DFSDM_FilterMspDeInit                         build/stm32l4xx_hal_dfsdm.o
HAL_DFSDM_FilterMspInit                           build/stm32l4xx_hal_dfsdm.o
HAL_DFSDM_FilterPollForInjConversion              build/stm32l4xx_hal_dfsdm.o
HAL_DFSDM_FilterPollForRegConversion              build/stm32l4xx_hal_dfsdm.o
HAL_DFSDM_FilterRegConvCpltCallback               build/stm32l4xx_hal_dfsdm.o
HAL_DFSDM_FilterRegConvHalfCpltCallback           build/stm32l4xx_hal_dfsdm.o
HAL_DFSDM_FilterRegularMsbStart_DMA               build/stm32l4xx_hal_dfsdm.o
HAL_DFSDM_FilterRegularStart                      build/stm32l4xx_hal_dfsdm.o
HAL_DFSDM_FilterRegularStart_DMA                  build/stm32l4xx_hal_dfsdm.o
HAL_DFSDM_FilterRegularStart_IT                   build/stm32l4xx_hal_dfsdm.o
HAL_DFSDM_FilterRegularStop                       build/stm32l4xx_hal_dfsdm.o
HAL_DFSDM_FilterRegularStop_DMA                   build/stm32l4xx_hal_dfsdm.o
HAL_DFSDM_FilterRegularStop_IT                    build/stm32l4xx_hal_dfsdm.o
HAL_DFSDM_IRQHandler                              build/stm32l4xx_hal_dfsdm.o
HAL_DMA_Abort                                     build/stm32l4xx_hal_dma.o
                                                  build/stm32l4xx_hal_uart.o
                                                  build/stm32l4xx_hal_spi.o
                                                  build/stm32l4xx_hal_qspi.o
                                                  build/stm32l4xx_hal_dfsdm.o
HAL_DMA_Abort_IT                                  build/stm32l4xx_hal_dma.o
                                                  build/stm32l4xx_hal_uart.o
                                                  build/stm32l4xx_hal_spi.o
                                                  build/stm32l4xx_hal_qspi.o
                                                  build/stm32l4xx_hal_i2c.o
HAL_DMA_DeInit                                    build/stm32l4xx_hal_dma.o
HAL_DMA_GetError                                  build/stm32l4xx_hal_dma.o
                                                  build/stm32l4xx_hal_uart.o
HAL_DMA_GetState                                  build/stm32l4xx_hal_dma.o
                                                  build/stm32l4xx_hal_i2c.o
HAL_DMA_IRQHandler                                build/stm32l4xx_hal_dma.o
HAL_DMA_Init                                      build/stm32l4xx_hal_dma.o
HAL_DMA_PollForTransfer                           build/stm32l4xx_hal_dma.o
HAL_DMA_RegisterCallback                          build/stm32l4xx_hal_dma.o
HAL_DMA_Start                                     build/stm32l4xx_hal_dma.o
HAL_DMA_Start_IT                                  build/stm32l4xx_hal_dma.o
                                                  build/stm32l4xx_hal_uart.o
                                                  build/stm32l4xx_hal_spi.o
                                                  build/stm32l4xx_hal_qspi.o
                                                  build/stm32l4xx_hal_i2c.o
                                                  build/stm32l4xx_hal_dfsdm.o
HAL_DMA_UnRegisterCallback                        build/stm32l4xx_hal_dma.o
HAL_DeInit                                        build/stm32l4xx_hal.o
HAL_Delay                                         build/stm32l4xx_hal.o
                                                  build/stm32l4xx_ll_usb.o
                                                  build/stm32l4xx_hal_pcd_ex.o
                                                  build/main.o
HAL_EXTI_ClearConfigLine                          build/stm32l4xx_hal_exti.o
HAL_EXTI_ClearPending                             build/stm32l4xx_hal_exti.o
HAL_EXTI_GenerateSWI                              build/stm32l4xx_hal_exti.o
HAL_EXTI_GetConfigLine                            build/stm32l4xx_hal_exti.o
HAL_EXTI_GetHandle                                build/stm32l4xx_hal_exti.o
HAL_EXTI_GetPending                               build/stm32l4xx_hal_exti.o
HAL_EXTI_IRQHandler                               build/stm32l4xx_hal_exti.o
HAL_EXTI_RegisterCallback                         build/stm32l4xx_hal_exti.o
HAL_EXTI_SetConfigLine                            build/stm32l4xx_hal_exti.o
HAL_FLASHEx_DisableRunPowerDown                   build/stm32l4xx_hal_flash_ramfunc.o
HAL_FLASHEx_EnableRunPowerDown                    build/stm32l4xx_hal_flash_ramfunc.o
HAL_FLASHEx_Erase                                 build/stm32l4xx_hal_flash_ex.o
HAL_FLASHEx_Erase_IT                              build/stm32l4xx_hal_flash_ex.o
HAL_FLASHEx_OBGetConfig                           build/stm32l4xx_hal_flash_ex.o
HAL_FLASHEx_OBProgram                             build/stm32l4xx_hal_flash_ex.o
HAL_FLASH_EndOfOperationCallback                  build/stm32l4xx_hal_flash.o
HAL_FLASH_GetError                                build/stm32l4xx_hal_flash.o
HAL_FLASH_IRQHandler                              build/stm32l4xx_hal_flash.o
HAL_FLASH_Lock                                    build/stm32l4xx_hal_flash.o
HAL_FLASH_OB_Launch                               build/stm32l4xx_hal_flash.o
HAL_FLASH_OB_Lock                                 build/stm32l4xx_hal_flash.o
HAL_FLASH_OB_Unlock                               build/stm32l4xx_hal_flash.o
HAL_FLASH_OperationErrorCallback                  build/stm32l4xx_hal_flash.o
HAL_FLASH_Program                                 build/stm32l4xx_hal_flash.o
HAL_FLASH_Program_IT                              build/stm32l4xx_hal_flash.o
HAL_FLASH_Unlock                                  build/stm32l4xx_hal_flash.o
HAL_GPIO_DeInit                                   build/stm32l4xx_hal_gpio.o
                                                  build/stm32l4xx_hal_msp.o
HAL_GPIO_EXTI_Callback                            build/stm32l4xx_hal_gpio.o
HAL_GPIO_EXTI_IRQHandler                          build/stm32l4xx_hal_gpio.o
                                                  build/stm32l4xx_it.o
HAL_GPIO_Init                                     build/stm32l4xx_hal_gpio.o
                                                  build/stm32l4xx_hal_rcc_ex.o
                                                  build/stm32l4xx_hal_rcc.o
                                                  build/stm32l4xx_hal_msp.o
                                                  build/main.o
HAL_GPIO_LockPin                                  build/stm32l4xx_hal_gpio.o
HAL_GPIO_ReadPin                                  build/stm32l4xx_hal_gpio.o
HAL_GPIO_TogglePin                                build/stm32l4xx_hal_gpio.o
                                                  build/main.o
HAL_GPIO_WritePin                                 build/stm32l4xx_hal_gpio.o
                                                  build/main.o
HAL_GetDEVID                                      build/stm32l4xx_hal.o
HAL_GetHalVersion                                 build/stm32l4xx_hal.o
HAL_GetREVID                                      build/stm32l4xx_hal.o
HAL_GetTick                                       build/stm32l4xx_hal.o
                                                  build/stm32l4xx_hal_pcd_ex.o
                                                  build/stm32l4xx_hal_uart_ex.o
                                                  build/stm32l4xx_hal_uart.o
                                                  build/stm32l4xx_hal_spi.o
                                                  build/stm32l4xx_hal_qspi.o
                                                  build/stm32l4xx_hal_dma.o
                                                  build/stm32l4xx_hal_flash.o
                                                  build/stm32l4xx_hal_rcc_ex.o
                                                  build/stm32l4xx_hal_rcc.o
                                                  build/stm32l4xx_hal_i2c.o
                                                  build/stm32l4xx_hal_dfsdm.o
HAL_GetTickFreq                                   build/stm32l4xx_hal.o
HAL_GetTickPrio                                   build/stm32l4xx_hal.o
HAL_GetUIDw0                                      build/stm32l4xx_hal.o
HAL_GetUIDw1                                      build/stm32l4xx_hal.o
HAL_GetUIDw2                                      build/stm32l4xx_hal.o
HAL_HalfDuplex_EnableReceiver                     build/stm32l4xx_hal_uart.o
HAL_HalfDuplex_EnableTransmitter                  build/stm32l4xx_hal_uart.o
HAL_HalfDuplex_Init                               build/stm32l4xx_hal_uart.o
HAL_I2CEx_ConfigAnalogFilter                      build/stm32l4xx_hal_i2c_ex.o
                                                  build/main.o
HAL_I2CEx_ConfigDigitalFilter                     build/stm32l4xx_hal_i2c_ex.o
                                                  build/main.o
HAL_I2CEx_DisableFastModePlus                     build/stm32l4xx_hal_i2c_ex.o
HAL_I2CEx_DisableWakeUp                           build/stm32l4xx_hal_i2c_ex.o
HAL_I2CEx_EnableFastModePlus                      build/stm32l4xx_hal_i2c_ex.o
HAL_I2CEx_EnableWakeUp                            build/stm32l4xx_hal_i2c_ex.o
HAL_I2C_AbortCpltCallback                         build/stm32l4xx_hal_i2c.o
HAL_I2C_AddrCallback                              build/stm32l4xx_hal_i2c.o
HAL_I2C_DeInit                                    build/stm32l4xx_hal_i2c.o
HAL_I2C_DisableListen_IT                          build/stm32l4xx_hal_i2c.o
HAL_I2C_ER_IRQHandler                             build/stm32l4xx_hal_i2c.o
HAL_I2C_EV_IRQHandler                             build/stm32l4xx_hal_i2c.o
HAL_I2C_EnableListen_IT                           build/stm32l4xx_hal_i2c.o
HAL_I2C_ErrorCallback                             build/stm32l4xx_hal_i2c.o
HAL_I2C_GetError                                  build/stm32l4xx_hal_i2c.o
HAL_I2C_GetMode                                   build/stm32l4xx_hal_i2c.o
HAL_I2C_GetState                                  build/stm32l4xx_hal_i2c.o
HAL_I2C_Init                                      build/stm32l4xx_hal_i2c.o
                                                  build/main.o
HAL_I2C_IsDeviceReady                             build/stm32l4xx_hal_i2c.o
HAL_I2C_ListenCpltCallback                        build/stm32l4xx_hal_i2c.o
HAL_I2C_MasterRxCpltCallback                      build/stm32l4xx_hal_i2c.o
HAL_I2C_MasterTxCpltCallback                      build/stm32l4xx_hal_i2c.o
HAL_I2C_Master_Abort_IT                           build/stm32l4xx_hal_i2c.o
HAL_I2C_Master_Receive                            build/stm32l4xx_hal_i2c.o
HAL_I2C_Master_Receive_DMA                        build/stm32l4xx_hal_i2c.o
HAL_I2C_Master_Receive_IT                         build/stm32l4xx_hal_i2c.o
HAL_I2C_Master_Seq_Receive_DMA                    build/stm32l4xx_hal_i2c.o
HAL_I2C_Master_Seq_Receive_IT                     build/stm32l4xx_hal_i2c.o
HAL_I2C_Master_Seq_Transmit_DMA                   build/stm32l4xx_hal_i2c.o
HAL_I2C_Master_Seq_Transmit_IT                    build/stm32l4xx_hal_i2c.o
HAL_I2C_Master_Transmit                           build/stm32l4xx_hal_i2c.o
HAL_I2C_Master_Transmit_DMA                       build/stm32l4xx_hal_i2c.o
HAL_I2C_Master_Transmit_IT                        build/stm32l4xx_hal_i2c.o
HAL_I2C_MemRxCpltCallback                         build/stm32l4xx_hal_i2c.o
HAL_I2C_MemTxCpltCallback                         build/stm32l4xx_hal_i2c.o
HAL_I2C_Mem_Read                                  build/stm32l4xx_hal_i2c.o
HAL_I2C_Mem_Read_DMA                              build/stm32l4xx_hal_i2c.o
HAL_I2C_Mem_Read_IT                               build/stm32l4xx_hal_i2c.o
HAL_I2C_Mem_Write                                 build/stm32l4xx_hal_i2c.o
HAL_I2C_Mem_Write_DMA                             build/stm32l4xx_hal_i2c.o
HAL_I2C_Mem_Write_IT                              build/stm32l4xx_hal_i2c.o
HAL_I2C_MspDeInit                                 build/stm32l4xx_hal_msp.o
HAL_I2C_MspInit                                   build/stm32l4xx_hal_msp.o
HAL_I2C_SlaveRxCpltCallback                       build/stm32l4xx_hal_i2c.o
HAL_I2C_SlaveTxCpltCallback                       build/stm32l4xx_hal_i2c.o
HAL_I2C_Slave_Receive                             build/stm32l4xx_hal_i2c.o
HAL_I2C_Slave_Receive_DMA                         build/stm32l4xx_hal_i2c.o
HAL_I2C_Slave_Receive_IT                          build/stm32l4xx_hal_i2c.o
HAL_I2C_Slave_Seq_Receive_DMA                     build/stm32l4xx_hal_i2c.o
HAL_I2C_Slave_Seq_Receive_IT                      build/stm32l4xx_hal_i2c.o
HAL_I2C_Slave_Seq_Transmit_DMA                    build/stm32l4xx_hal_i2c.o
HAL_I2C_Slave_Seq_Transmit_IT                     build/stm32l4xx_hal_i2c.o
HAL_I2C_Slave_Transmit                            build/stm32l4xx_hal_i2c.o
HAL_I2C_Slave_Transmit_DMA                        build/stm32l4xx_hal_i2c.o
HAL_I2C_Slave_Transmit_IT                         build/stm32l4xx_hal_i2c.o
HAL_IncTick                                       build/stm32l4xx_hal.o
                                                  build/stm32l4xx_it.o
HAL_Init                                          build/stm32l4xx_hal.o
                                                  build/main.o
HAL_InitTick                                      build/stm32l4xx_hal.o
                                                  build/stm32l4xx_hal_rcc.o
HAL_LIN_Init                                      build/stm32l4xx_hal_uart.o
HAL_LIN_SendBreak                                 build/stm32l4xx_hal_uart.o
HAL_MPU_ConfigRegion                              build/stm32l4xx_hal_cortex.o
HAL_MPU_Disable                                   build/stm32l4xx_hal_cortex.o
HAL_MPU_Enable                                    build/stm32l4xx_hal_cortex.o
HAL_MspDeInit                                     build/stm32l4xx_hal.o
HAL_MspInit                                       build/stm32l4xx_hal_msp.o
HAL_MultiProcessorEx_AddressLength_Set            build/stm32l4xx_hal_uart_ex.o
HAL_MultiProcessor_DisableMuteMode                build/stm32l4xx_hal_uart.o
HAL_MultiProcessor_EnableMuteMode                 build/stm32l4xx_hal_uart.o
HAL_MultiProcessor_EnterMuteMode                  build/stm32l4xx_hal_uart.o
HAL_MultiProcessor_Init                           build/stm32l4xx_hal_uart.o
HAL_NVIC_ClearPendingIRQ                          build/stm32l4xx_hal_cortex.o
HAL_NVIC_DisableIRQ                               build/stm32l4xx_hal_cortex.o
HAL_NVIC_EnableIRQ                                build/stm32l4xx_hal_cortex.o
                                                  build/main.o
HAL_NVIC_GetActive                                build/stm32l4xx_hal_cortex.o
HAL_NVIC_GetPendingIRQ                            build/stm32l4xx_hal_cortex.o
HAL_NVIC_GetPriority                              build/stm32l4xx_hal_cortex.o
HAL_NVIC_GetPriorityGrouping                      build/stm32l4xx_hal_cortex.o
HAL_NVIC_SetPendingIRQ                            build/stm32l4xx_hal_cortex.o
HAL_NVIC_SetPriority                              build/stm32l4xx_hal_cortex.o
                                                  build/stm32l4xx_hal.o
                                                  build/main.o
HAL_NVIC_SetPriorityGrouping                      build/stm32l4xx_hal_cortex.o
                                                  build/stm32l4xx_hal.o
HAL_NVIC_SystemReset                              build/stm32l4xx_hal_cortex.o
HAL_PCDEx_ActivateBCD                             build/stm32l4xx_hal_pcd_ex.o
HAL_PCDEx_ActivateLPM                             build/stm32l4xx_hal_pcd_ex.o
                                                  build/stm32l4xx_hal_pcd.o
HAL_PCDEx_BCD_Callback                            build/stm32l4xx_hal_pcd_ex.o
HAL_PCDEx_BCD_VBUSDetect                          build/stm32l4xx_hal_pcd_ex.o
HAL_PCDEx_DeActivateBCD                           build/stm32l4xx_hal_pcd_ex.o
HAL_PCDEx_DeActivateLPM                           build/stm32l4xx_hal_pcd_ex.o
HAL_PCDEx_LPM_Callback                            build/stm32l4xx_hal_pcd_ex.o
                                                  build/stm32l4xx_hal_pcd.o
HAL_PCDEx_SetRxFiFo                               build/stm32l4xx_hal_pcd_ex.o
HAL_PCDEx_SetTxFiFo                               build/stm32l4xx_hal_pcd_ex.o
HAL_PCD_ActivateRemoteWakeup                      build/stm32l4xx_hal_pcd.o
HAL_PCD_ConnectCallback                           build/stm32l4xx_hal_pcd.o
HAL_PCD_DataInStageCallback                       build/stm32l4xx_hal_pcd.o
HAL_PCD_DataOutStageCallback                      build/stm32l4xx_hal_pcd.o
HAL_PCD_DeActivateRemoteWakeup                    build/stm32l4xx_hal_pcd.o
HAL_PCD_DeInit                                    build/stm32l4xx_hal_pcd.o
HAL_PCD_DevConnect                                build/stm32l4xx_hal_pcd.o
HAL_PCD_DevDisconnect                             build/stm32l4xx_hal_pcd.o
HAL_PCD_DisconnectCallback                        build/stm32l4xx_hal_pcd.o
HAL_PCD_EP_Close                                  build/stm32l4xx_hal_pcd.o
HAL_PCD_EP_ClrStall                               build/stm32l4xx_hal_pcd.o
HAL_PCD_EP_Flush                                  build/stm32l4xx_hal_pcd.o
HAL_PCD_EP_GetRxCount                             build/stm32l4xx_hal_pcd.o
HAL_PCD_EP_Open                                   build/stm32l4xx_hal_pcd.o
HAL_PCD_EP_Receive                                build/stm32l4xx_hal_pcd.o
HAL_PCD_EP_SetStall                               build/stm32l4xx_hal_pcd.o
HAL_PCD_EP_Transmit                               build/stm32l4xx_hal_pcd.o
HAL_PCD_GetState                                  build/stm32l4xx_hal_pcd.o
HAL_PCD_IRQHandler                                build/stm32l4xx_hal_pcd.o
HAL_PCD_ISOINIncompleteCallback                   build/stm32l4xx_hal_pcd.o
HAL_PCD_ISOOUTIncompleteCallback                  build/stm32l4xx_hal_pcd.o
HAL_PCD_Init                                      build/stm32l4xx_hal_pcd.o
                                                  build/main.o
HAL_PCD_MspDeInit                                 build/stm32l4xx_hal_msp.o
HAL_PCD_MspInit                                   build/stm32l4xx_hal_msp.o
HAL_PCD_ResetCallback                             build/stm32l4xx_hal_pcd.o
HAL_PCD_ResumeCallback                            build/stm32l4xx_hal_pcd.o
HAL_PCD_SOFCallback                               build/stm32l4xx_hal_pcd.o
HAL_PCD_SetAddress                                build/stm32l4xx_hal_pcd.o
HAL_PCD_SetupStageCallback                        build/stm32l4xx_hal_pcd.o
HAL_PCD_Start                                     build/stm32l4xx_hal_pcd.o
HAL_PCD_Stop                                      build/stm32l4xx_hal_pcd.o
HAL_PCD_SuspendCallback                           build/stm32l4xx_hal_pcd.o
HAL_PWREx_ConfigPVM                               build/stm32l4xx_hal_pwr_ex.o
HAL_PWREx_ControlVoltageScaling                   build/stm32l4xx_hal_pwr_ex.o
                                                  build/main.o
HAL_PWREx_DisableBatteryCharging                  build/stm32l4xx_hal_pwr_ex.o
HAL_PWREx_DisableGPIOPullDown                     build/stm32l4xx_hal_pwr_ex.o
HAL_PWREx_DisableGPIOPullUp                       build/stm32l4xx_hal_pwr_ex.o
HAL_PWREx_DisableInternalWakeUpLine               build/stm32l4xx_hal_pwr_ex.o
HAL_PWREx_DisableLowPowerRunMode                  build/stm32l4xx_hal_pwr_ex.o
                                                  build/stm32l4xx_hal_pwr.o
HAL_PWREx_DisablePVM1                             build/stm32l4xx_hal_pwr_ex.o
HAL_PWREx_DisablePVM2                             build/stm32l4xx_hal_pwr_ex.o
HAL_PWREx_DisablePVM3                             build/stm32l4xx_hal_pwr_ex.o
HAL_PWREx_DisablePVM4                             build/stm32l4xx_hal_pwr_ex.o
HAL_PWREx_DisablePullUpPullDownConfig             build/stm32l4xx_hal_pwr_ex.o
HAL_PWREx_DisableSRAM2ContentRetention            build/stm32l4xx_hal_pwr_ex.o
HAL_PWREx_DisableVddIO2                           build/stm32l4xx_hal_pwr_ex.o
HAL_PWREx_DisableVddUSB                           build/stm32l4xx_hal_pwr_ex.o
                                                  build/stm32l4xx_hal_msp.o
HAL_PWREx_EnableBatteryCharging                   build/stm32l4xx_hal_pwr_ex.o
HAL_PWREx_EnableGPIOPullDown                      build/stm32l4xx_hal_pwr_ex.o
HAL_PWREx_EnableGPIOPullUp                        build/stm32l4xx_hal_pwr_ex.o
HAL_PWREx_EnableInternalWakeUpLine                build/stm32l4xx_hal_pwr_ex.o
HAL_PWREx_EnableLowPowerRunMode                   build/stm32l4xx_hal_pwr_ex.o
                                                  build/stm32l4xx_hal_pwr.o
HAL_PWREx_EnablePVM1                              build/stm32l4xx_hal_pwr_ex.o
HAL_PWREx_EnablePVM2                              build/stm32l4xx_hal_pwr_ex.o
HAL_PWREx_EnablePVM3                              build/stm32l4xx_hal_pwr_ex.o
HAL_PWREx_EnablePVM4                              build/stm32l4xx_hal_pwr_ex.o
HAL_PWREx_EnablePullUpPullDownConfig              build/stm32l4xx_hal_pwr_ex.o
HAL_PWREx_EnableSRAM2ContentRetention             build/stm32l4xx_hal_pwr_ex.o
HAL_PWREx_EnableVddIO2                            build/stm32l4xx_hal_pwr_ex.o
HAL_PWREx_EnableVddUSB                            build/stm32l4xx_hal_pwr_ex.o
                                                  build/stm32l4xx_hal_msp.o
HAL_PWREx_EnterSHUTDOWNMode                       build/stm32l4xx_hal_pwr_ex.o
HAL_PWREx_EnterSTOP0Mode                          build/stm32l4xx_hal_pwr_ex.o
                                                  build/stm32l4xx_hal_pwr.o
HAL_PWREx_EnterSTOP1Mode                          build/stm32l4xx_hal_pwr_ex.o
                                                  build/stm32l4xx_hal_pwr.o
HAL_PWREx_EnterSTOP2Mode                          build/stm32l4xx_hal_pwr_ex.o
HAL_PWREx_GetVoltageRange                         build/stm32l4xx_hal_pwr_ex.o
                                                  build/stm32l4xx_hal_rcc.o
HAL_PWREx_PVD_PVM_IRQHandler                      build/stm32l4xx_hal_pwr_ex.o
HAL_PWREx_PVM1Callback                            build/stm32l4xx_hal_pwr_ex.o
HAL_PWREx_PVM2Callback                            build/stm32l4xx_hal_pwr_ex.o
HAL_PWREx_PVM3Callback                            build/stm32l4xx_hal_pwr_ex.o
HAL_PWREx_PVM4Callback                            build/stm32l4xx_hal_pwr_ex.o
HAL_PWREx_SetSRAM2ContentRetention                build/stm32l4xx_hal_pwr_ex.o
HAL_PWR_ConfigPVD                                 build/stm32l4xx_hal_pwr.o
HAL_PWR_DeInit                                    build/stm32l4xx_hal_pwr.o
HAL_PWR_DisableBkUpAccess                         build/stm32l4xx_hal_pwr.o
                                                  build/stm32l4xx_hal_rcc_ex.o
HAL_PWR_DisablePVD                                build/stm32l4xx_hal_pwr.o
HAL_PWR_DisableSEVOnPend                          build/stm32l4xx_hal_pwr.o
HAL_PWR_DisableSleepOnExit                        build/stm32l4xx_hal_pwr.o
HAL_PWR_DisableWakeUpPin                          build/stm32l4xx_hal_pwr.o
HAL_PWR_EnableBkUpAccess                          build/stm32l4xx_hal_pwr.o
                                                  build/stm32l4xx_hal_rcc_ex.o
                                                  build/main.o
HAL_PWR_EnablePVD                                 build/stm32l4xx_hal_pwr.o
HAL_PWR_EnableSEVOnPend                           build/stm32l4xx_hal_pwr.o
HAL_PWR_EnableSleepOnExit                         build/stm32l4xx_hal_pwr.o
HAL_PWR_EnableWakeUpPin                           build/stm32l4xx_hal_pwr.o
HAL_PWR_EnterSLEEPMode                            build/stm32l4xx_hal_pwr.o
HAL_PWR_EnterSTANDBYMode                          build/stm32l4xx_hal_pwr.o
HAL_PWR_EnterSTOPMode                             build/stm32l4xx_hal_pwr.o
HAL_PWR_PVDCallback                               build/stm32l4xx_hal_pwr.o
                                                  build/stm32l4xx_hal_pwr_ex.o
HAL_QSPI_Abort                                    build/stm32l4xx_hal_qspi.o
HAL_QSPI_AbortCpltCallback                        build/stm32l4xx_hal_qspi.o
HAL_QSPI_Abort_IT                                 build/stm32l4xx_hal_qspi.o
HAL_QSPI_AutoPolling                              build/stm32l4xx_hal_qspi.o
HAL_QSPI_AutoPolling_IT                           build/stm32l4xx_hal_qspi.o
HAL_QSPI_CmdCpltCallback                          build/stm32l4xx_hal_qspi.o
HAL_QSPI_Command                                  build/stm32l4xx_hal_qspi.o
HAL_QSPI_Command_IT                               build/stm32l4xx_hal_qspi.o
HAL_QSPI_DeInit                                   build/stm32l4xx_hal_qspi.o
HAL_QSPI_ErrorCallback                            build/stm32l4xx_hal_qspi.o
HAL_QSPI_FifoThresholdCallback                    build/stm32l4xx_hal_qspi.o
HAL_QSPI_GetError                                 build/stm32l4xx_hal_qspi.o
HAL_QSPI_GetFifoThreshold                         build/stm32l4xx_hal_qspi.o
HAL_QSPI_GetState                                 build/stm32l4xx_hal_qspi.o
HAL_QSPI_IRQHandler                               build/stm32l4xx_hal_qspi.o
HAL_QSPI_Init                                     build/stm32l4xx_hal_qspi.o
                                                  build/main.o
HAL_QSPI_MemoryMapped                             build/stm32l4xx_hal_qspi.o
HAL_QSPI_MspDeInit                                build/stm32l4xx_hal_msp.o
HAL_QSPI_MspInit                                  build/stm32l4xx_hal_msp.o
HAL_QSPI_Receive                                  build/stm32l4xx_hal_qspi.o
HAL_QSPI_Receive_DMA                              build/stm32l4xx_hal_qspi.o
HAL_QSPI_Receive_IT                               build/stm32l4xx_hal_qspi.o
HAL_QSPI_RxCpltCallback                           build/stm32l4xx_hal_qspi.o
HAL_QSPI_RxHalfCpltCallback                       build/stm32l4xx_hal_qspi.o
HAL_QSPI_SetFifoThreshold                         build/stm32l4xx_hal_qspi.o
HAL_QSPI_SetTimeout                               build/stm32l4xx_hal_qspi.o
HAL_QSPI_StatusMatchCallback                      build/stm32l4xx_hal_qspi.o
HAL_QSPI_TimeOutCallback                          build/stm32l4xx_hal_qspi.o
HAL_QSPI_Transmit                                 build/stm32l4xx_hal_qspi.o
HAL_QSPI_Transmit_DMA                             build/stm32l4xx_hal_qspi.o
HAL_QSPI_Transmit_IT                              build/stm32l4xx_hal_qspi.o
HAL_QSPI_TxCpltCallback                           build/stm32l4xx_hal_qspi.o
HAL_QSPI_TxHalfCpltCallback                       build/stm32l4xx_hal_qspi.o
HAL_RCCEx_DisableLSCO                             build/stm32l4xx_hal_rcc_ex.o
HAL_RCCEx_DisableLSECSS                           build/stm32l4xx_hal_rcc_ex.o
HAL_RCCEx_DisableMSIPLLMode                       build/stm32l4xx_hal_rcc_ex.o
HAL_RCCEx_DisablePLLSAI1                          build/stm32l4xx_hal_rcc_ex.o
HAL_RCCEx_DisablePLLSAI2                          build/stm32l4xx_hal_rcc_ex.o
HAL_RCCEx_EnableLSCO                              build/stm32l4xx_hal_rcc_ex.o
HAL_RCCEx_EnableLSECSS                            build/stm32l4xx_hal_rcc_ex.o
HAL_RCCEx_EnableLSECSS_IT                         build/stm32l4xx_hal_rcc_ex.o
HAL_RCCEx_EnableMSIPLLMode                        build/stm32l4xx_hal_rcc_ex.o
                                                  build/main.o
HAL_RCCEx_EnablePLLSAI1                           build/stm32l4xx_hal_rcc_ex.o
HAL_RCCEx_EnablePLLSAI2                           build/stm32l4xx_hal_rcc_ex.o
HAL_RCCEx_GetPeriphCLKConfig                      build/stm32l4xx_hal_rcc_ex.o
HAL_RCCEx_GetPeriphCLKFreq                        build/stm32l4xx_hal_rcc_ex.o
HAL_RCCEx_LSECSS_Callback                         build/stm32l4xx_hal_rcc_ex.o
HAL_RCCEx_LSECSS_IRQHandler                       build/stm32l4xx_hal_rcc_ex.o
HAL_RCCEx_PeriphCLKConfig                         build/stm32l4xx_hal_rcc_ex.o
                                                  build/main.o
HAL_RCCEx_StandbyMSIRangeConfig                   build/stm32l4xx_hal_rcc_ex.o
HAL_RCCEx_WakeUpStopCLKConfig                     build/stm32l4xx_hal_rcc_ex.o
HAL_RCC_CSSCallback                               build/stm32l4xx_hal_rcc.o
HAL_RCC_ClockConfig                               build/stm32l4xx_hal_rcc.o
                                                  build/main.o
HAL_RCC_DeInit                                    build/stm32l4xx_hal_rcc.o
HAL_RCC_EnableCSS                                 build/stm32l4xx_hal_rcc.o
HAL_RCC_GetClockConfig                            build/stm32l4xx_hal_rcc.o
HAL_RCC_GetHCLKFreq                               build/stm32l4xx_hal_rcc.o
                                                  build/stm32l4xx_hal_pcd.o
HAL_RCC_GetOscConfig                              build/stm32l4xx_hal_rcc.o
HAL_RCC_GetPCLK1Freq                              build/stm32l4xx_hal_rcc.o
                                                  build/stm32l4xx_hal_uart.o
                                                  build/stm32l4xx_hal_rcc_ex.o
HAL_RCC_GetPCLK2Freq                              build/stm32l4xx_hal_rcc.o
                                                  build/stm32l4xx_hal_uart.o
                                                  build/stm32l4xx_hal_rcc_ex.o
HAL_RCC_GetSysClockFreq                           build/stm32l4xx_hal_rcc.o
                                                  build/stm32l4xx_hal_uart.o
                                                  build/stm32l4xx_hal_rcc_ex.o
HAL_RCC_MCOConfig                                 build/stm32l4xx_hal_rcc.o
HAL_RCC_NMI_IRQHandler                            build/stm32l4xx_hal_rcc.o
HAL_RCC_OscConfig                                 build/stm32l4xx_hal_rcc.o
                                                  build/main.o
HAL_RS485Ex_Init                                  build/stm32l4xx_hal_uart_ex.o
HAL_ResumeTick                                    build/stm32l4xx_hal.o
HAL_SPIEx_FlushRxFifo                             build/stm32l4xx_hal_spi_ex.o
HAL_SPI_Abort                                     build/stm32l4xx_hal_spi.o
HAL_SPI_AbortCpltCallback                         build/stm32l4xx_hal_spi.o
HAL_SPI_Abort_IT                                  build/stm32l4xx_hal_spi.o
HAL_SPI_DMAPause                                  build/stm32l4xx_hal_spi.o
HAL_SPI_DMAResume                                 build/stm32l4xx_hal_spi.o
HAL_SPI_DMAStop                                   build/stm32l4xx_hal_spi.o
HAL_SPI_DeInit                                    build/stm32l4xx_hal_spi.o
HAL_SPI_ErrorCallback                             build/stm32l4xx_hal_spi.o
HAL_SPI_GetError                                  build/stm32l4xx_hal_spi.o
HAL_SPI_GetState                                  build/stm32l4xx_hal_spi.o
HAL_SPI_IRQHandler                                build/stm32l4xx_hal_spi.o
HAL_SPI_Init                                      build/stm32l4xx_hal_spi.o
                                                  build/main.o
HAL_SPI_MspDeInit                                 build/stm32l4xx_hal_msp.o
HAL_SPI_MspInit                                   build/stm32l4xx_hal_msp.o
HAL_SPI_Receive                                   build/stm32l4xx_hal_spi.o
HAL_SPI_Receive_DMA                               build/stm32l4xx_hal_spi.o
HAL_SPI_Receive_IT                                build/stm32l4xx_hal_spi.o
HAL_SPI_RxCpltCallback                            build/stm32l4xx_hal_spi.o
HAL_SPI_RxHalfCpltCallback                        build/stm32l4xx_hal_spi.o
HAL_SPI_Transmit                                  build/stm32l4xx_hal_spi.o
HAL_SPI_TransmitReceive                           build/stm32l4xx_hal_spi.o
HAL_SPI_TransmitReceive_DMA                       build/stm32l4xx_hal_spi.o
HAL_SPI_TransmitReceive_IT                        build/stm32l4xx_hal_spi.o
HAL_SPI_Transmit_DMA                              build/stm32l4xx_hal_spi.o
HAL_SPI_Transmit_IT                               build/stm32l4xx_hal_spi.o
HAL_SPI_TxCpltCallback                            build/stm32l4xx_hal_spi.o
HAL_SPI_TxHalfCpltCallback                        build/stm32l4xx_hal_spi.o
HAL_SPI_TxRxCpltCallback                          build/stm32l4xx_hal_spi.o
HAL_SPI_TxRxHalfCpltCallback                      build/stm32l4xx_hal_spi.o
HAL_SYSCFG_DisableIOAnalogSwitchBooster           build/stm32l4xx_hal.o
HAL_SYSCFG_DisableMemorySwappingBank              build/stm32l4xx_hal.o
HAL_SYSCFG_DisableVREFBUF                         build/stm32l4xx_hal.o
HAL_SYSCFG_EnableIOAnalogSwitchBooster            build/stm32l4xx_hal.o
HAL_SYSCFG_EnableMemorySwappingBank               build/stm32l4xx_hal.o
HAL_SYSCFG_EnableVREFBUF                          build/stm32l4xx_hal.o
HAL_SYSCFG_SRAM2Erase                             build/stm32l4xx_hal.o
HAL_SYSCFG_VREFBUF_HighImpedanceConfig            build/stm32l4xx_hal.o
HAL_SYSCFG_VREFBUF_TrimmingConfig                 build/stm32l4xx_hal.o
HAL_SYSCFG_VREFBUF_VoltageScalingConfig           build/stm32l4xx_hal.o
HAL_SYSTICK_CLKSourceConfig                       build/stm32l4xx_hal_cortex.o
HAL_SYSTICK_Callback                              build/stm32l4xx_hal_cortex.o
HAL_SYSTICK_Config                                build/stm32l4xx_hal_cortex.o
                                                  build/stm32l4xx_hal.o
HAL_SYSTICK_IRQHandler                            build/stm32l4xx_hal_cortex.o
HAL_SetTickFreq                                   build/stm32l4xx_hal.o
HAL_SuspendTick                                   build/stm32l4xx_hal.o
HAL_UARTEx_DisableClockStopMode                   build/stm32l4xx_hal_uart_ex.o
HAL_UARTEx_DisableStopMode                        build/stm32l4xx_hal_uart_ex.o
HAL_UARTEx_EnableClockStopMode                    build/stm32l4xx_hal_uart_ex.o
HAL_UARTEx_EnableStopMode                         build/stm32l4xx_hal_uart_ex.o
HAL_UARTEx_StopModeWakeUpSourceConfig             build/stm32l4xx_hal_uart_ex.o
HAL_UARTEx_WakeupCallback                         build/stm32l4xx_hal_uart_ex.o
                                                  build/stm32l4xx_hal_uart.o
HAL_UART_Abort                                    build/stm32l4xx_hal_uart.o
HAL_UART_AbortCpltCallback                        build/stm32l4xx_hal_uart.o
HAL_UART_AbortReceive                             build/stm32l4xx_hal_uart.o
HAL_UART_AbortReceiveCpltCallback                 build/stm32l4xx_hal_uart.o
HAL_UART_AbortReceive_IT                          build/stm32l4xx_hal_uart.o
HAL_UART_AbortTransmit                            build/stm32l4xx_hal_uart.o
HAL_UART_AbortTransmitCpltCallback                build/stm32l4xx_hal_uart.o
HAL_UART_AbortTransmit_IT                         build/stm32l4xx_hal_uart.o
HAL_UART_Abort_IT                                 build/stm32l4xx_hal_uart.o
HAL_UART_DMAPause                                 build/stm32l4xx_hal_uart.o
HAL_UART_DMAResume                                build/stm32l4xx_hal_uart.o
HAL_UART_DMAStop                                  build/stm32l4xx_hal_uart.o
HAL_UART_DeInit                                   build/stm32l4xx_hal_uart.o